Microchip MPLAB XC8 Compiler V1.34 ()

Linker command line:

-W-3 --edf=C:\Program Files (x86)\Microchip\xc8\v1.34\dat\en_msgs.txt -cs \
  -h+dist/default/production\Lab13.X.production.sym \
  --cmf=dist/default/production\Lab13.X.production.cmf -z -Q18F4620 \
  -oC:\Users\Thalia\AppData\Local\Temp\s2io.6 \
  -Mdist/default/production/Lab13.X.production.map -E1 -ver=XC8 \
  -ASTACK=0229h-0f7fh -pstack=STACK -ACODE=00h-0FFFFh -ACONST=00h-0FFFFh \
  -ASMALLCONST=01000h-010FFhx240 -AMEDIUMCONST=01000h-0FFFFh \
  -ACOMRAM=01h-07Fh -AABS1=00h-0F7Fh -ABIGRAM=01h-0F7Fh \
  -ARAM=080h-0FFh,0100h-01FFhx14,0F00h-0F7Fh -ABANK0=080h-0FFh \
  -ABANK1=0100h-01FFh -ABANK2=0200h-02FFh -ABANK3=0300h-03FFh \
  -ABANK4=0400h-04FFh -ABANK5=0500h-05FFh -ABANK6=0600h-06FFh \
  -ABANK7=0700h-07FFh -ABANK8=0800h-08FFh -ABANK9=0900h-09FFh \
  -ABANK10=0A00h-0AFFh -ABANK11=0B00h-0BFFh -ABANK12=0C00h-0CFFh \
  -ABANK13=0D00h-0DFFh -ABANK14=0E00h-0EFFh -ABANK15=0F00h-0F7Fh \
  -ASFR=0F80h-0FFFh \
  -preset_vec=00h,intcode=08h,intcodelo,powerup,init,end_init \
  -pramtop=01000h -psmallconst=SMALLCONST -pmediumconst=MEDIUMCONST \
  -pconst=CONST -AFARRAM=00h-00h -ACONFIG=0300000h-030000Dh -pconfig=CONFIG \
  -AIDLOC=0200000h-0200007h -pidloc=IDLOC -AEEDATA=0F00000h-0F003FFh \
  -peeprom_data=EEDATA \
  -prdata=COMRAM,nvrram=COMRAM,nvbit=COMRAM,rbss=COMRAM,rbit=COMRAM \
  -pfarbss=FARRAM,fardata=FARRAM,nvFARRAM=FARRAM \
  -pintsave_regs=BIGRAM,bigbss=BIGRAM,bigdata=BIGRAM -pbss=RAM \
  -pidata=CODE,irdata=CODE,ibigdata=CODE,ifardata=CODE -prparam=COMRAM \
  C:\Users\Thalia\AppData\Local\Temp\s2io.obj \
  dist/default/production\Lab13.X.production.obj 

Object code version is 3.11

Machine type is 18F4620

Call graph: (short form)




                Name                               Link     Load   Length Selector   Space Scale
C:\Users\Thalia\AppData\Local\Temp\s2io.obj
                end_init                             18       18        4        4       0
                reset_vec                             0        0        4        0       0
                idloc                            200000   200000        8   200000       0
                config                           300000   300000        E   300000       0
dist/default/production\Lab13.X.production.obj
                intcode                               8        8       10        4       0
                mediumconst                        FC32     FC32      3CE     7E19       0
                text148                            92D4     92D4        A        4       0
                text147                            5946     5946      19C        4       0
                text146                            774C     774C       C6        4       0
                text145                            724A     724A       E2        4       0
                text144                            8028     8028       96        4       0
                text143                            8F52     8F52       24        4       0
                text142                            5782     5782      1C4        4       0
                text141                            8C02     8C02       44        4       0
                text140                            7082     7082       E6        4       0
                text139                            80BE     80BE       8C        4       0
                text138                            8440     8440       70        4       0
                text137                            8840     8840       60        4       0
                text136                            699E     699E      10A        4       0
                text135                            688E     688E      110        4       0
                text134                            7F92     7F92       96        4       0
                text133                            8254     8254       82        4       0
                text132                            6CA8     6CA8       F8        4       0
                text131                            8F2A     8F2A       28        4       0
                text130                            4D32     4D32      244        4       0
                text129                            8F98     8F98       22        4       0
                text128                            9292     9292        E        4       0
                text127                            3F94     3F94      3E0        4       0
                text126                            19F6     19F6     156C        4       0
                text125                            913C     913C       16        4       0
                text124                            9284     9284        E        4       0
                intcode_body                       814A     814A       86        4       0
                text122                            92A0     92A0        C        4       0
                text121                            92F6     92F6        8        4       0
                text120                            92EE     92EE        8        4       0
                text119                            92CA     92CA        A        4       0
                text118                            9126     9126       16        4       0
                text117                            9222     9222       12        4       0
                text116                            92C0     92C0        A        4       0
                text115                            88FE     88FE       5C        4       0
                text114                            9210     9210       12        4       0
                text113                            91FE     91FE       12        4       0
                text112                            8A9C     8A9C       4C        4       0
                text111                            8AE8     8AE8       4A        4       0
                text110                            905A     905A       20        4       0
                text109                            8F02     8F02       28        4       0
                text108                            8E88     8E88       2A        4       0
                text107                            92B6     92B6        A        4       0
                text106                            92AC     92AC        A        4       0
                text105                            903A     903A       20        4       0
                text104                            92E6     92E6        8        4       0
                text103                            81D0     81D0       84        4       0
                text102                            9110     9110       16        4       0
                text101                            8658     8658       64        4       0
                text100                            8CFE     8CFE       38        4       0
                text99                             90FA     90FA       16        4       0
                text98                             91A2     91A2       14        4       0
                text97                             918E     918E       14        4       0
                text96                             87E0     87E0       60        4       0
                text95                             8BBE     8BBE       44        4       0
                text94                             7996     7996       C2        4       0
                text93                             85F4     85F4       64        4       0
                text92                             55AA     55AA      1D8        4       0
                text91                             8A02     8A02       4E        4       0
                text90                             6416     6416      12A        4       0
                text89                             6540     6540      120        4       0
                text88                             61A2     61A2      142        4       0
                text87                             75B8     75B8       CE        4       0
                text86                             8E00     8E00       30        4       0
                text85                             461E     461E      27E        4       0
                text84                             89B2     89B2       50        4       0
                text83                             62E4     62E4      132        4       0
                text82                             7686     7686       C6        4       0
                text81                             7D1C     7D1C       A4        4       0
                text80                             82D6     82D6       80        4       0
                text79                             5C58     5C58      164        4       0
                text78                             5AE2     5AE2      176        4       0
                text77                             74E8     74E8       D0        4       0
                text76                             7B0E     7B0E       B4        4       0
                text75                             5DBC     5DBC      15C        4       0
                text74                             4374     4374      2AA        4       0
                text73                             8E30     8E30       2E        4       0
                text72                             9274     9274       10        4       0
                text71                             36BC     36BC      49E        4       0
                text70                               1C       1C     19DA        4       0
                text69                             6660     6660      11A        4       0
                text68                             871E     871E       62        4       0
                text67                             91EC     91EC       12        4       0
                text66                             92DE     92DE        8        4       0
                text65                             8EDA     8EDA       28        4       0
                text64                             8DD0     8DD0       30        4       0
                text63                             7168     7168       E2        4       0
                text62                             90C8     90C8       1A        4       0
                text61                             91DA     91DA       12        4       0
                text60                             90AE     90AE       1A        4       0
                text59                             88A0     88A0       5E        4       0
                text58                             8356     8356       7A        4       0
                text57                             83D0     83D0       70        4       0
                text56                             7C74     7C74       A8        4       0
                text55                             8780     8780       60        4       0
                text54                             917A     917A       14        4       0
                text53                             677A     677A      114        4       0
                text52                             8C84     8C84       3E        4       0
                text51                             6F8C     6F8C       F6        4       0
                text50                             8E5E     8E5E       2A        4       0
                text49                             489C     489C      24E        4       0
                text48                             605E     605E      144        4       0
                text47                             8F76     8F76       22        4       0
                text46                             8D36     8D36       36        4       0
                text45                             3B5A     3B5A      43A        4       0
                text44                             90E2     90E2       18        4       0
                text43                             9264     9264       10        4       0
                text42                             4AEA     4AEA      248        4       0
                text41                             901A     901A       20        4       0
                text40                             4F76     4F76      240        4       0
                text39                             8FFA     8FFA       20        4       0
                text38                             86BC     86BC       62        4       0
                text37                             6BA8     6BA8      100        4       0
                text36                             8CC2     8CC2       3C        4       0
                text35                             7EFA     7EFA       98        4       0
                text34                             740A     740A       DE        4       0
                text33                             53C6     53C6      1E4        4       0
                text32                             7BC2     7BC2       B2        4       0
                text31                             78D4     78D4       C2        4       0
                text30                             9166     9166       14        4       0
                text29                             9254     9254       10        4       0
                text28                             8FDA     8FDA       20        4       0
                text27                             8FBA     8FBA       20        4       0
                text26                             7A58     7A58       B6        4       0
                text25                             5F18     5F18      146        4       0
                text24                             6E96     6E96       F6        4       0
                text23                             895A     895A       58        4       0
                text22                             8D6C     8D6C       34        4       0
                text21                             7812     7812       C2        4       0
                text20                             9094     9094       1A        4       0
                text19                             9152     9152       14        4       0
                text18                             9244     9244       10        4       0
                text17                             907A     907A       1A        4       0
                text16                             732C     732C       DE        4       0
                text15                             7DC0     7DC0       A2        4       0
                text14                             91C8     91C8       12        4       0
                text13                             2F62     2F62      75A        4       0
                text12                             8B7A     8B7A       44        4       0
                text11                             8B32     8B32       48        4       0
                text10                             8DA0     8DA0       30        4       0
                text9                              8588     8588       6C        4       0
                text8                              91B6     91B6       12        4       0
                text7                              8C46     8C46       3E        4       0
                text6                              8EB2     8EB2       28        4       0
                text5                              6DA0     6DA0       F6        4       0
                text4                              851C     851C       6C        4       0
                text3                              84B0     84B0       6C        4       0
                text2                              9234     9234       10        4       0
                text1                              6AA8     6AA8      100        4       0
                text0                              51B6     51B6      210        4       0
                cstackCOMRAM                          1        1       7A        1       1
                cstackBANK0                          80       80       64       80       1
                cstackBANK1                         1CA      1CA       15      100       1
                cstackBANK2                         200      200       29      200       1
                dataBANK1                           100      100       98      100       1
                bssBANK1                            198      198       32      100       1
                bssBANK0                             E4       E4        E       80       1
                bssCOMRAM                            7B       7B        5        1       1
                cinit                              8A50     8A50       4C        4       0
                idataBANK1                         7E62     7E62       98        4       0

TOTAL           Name                               Link     Load   Length     Space
        CLASS   STACK          

        CLASS   CODE           
                end_init                             18       18        4         0
                intcode                               8        8       10         0
                reset_vec                             0        0        4         0
                text148                            92D4     92D4        A         0
                text147                            5946     5946      19C         0
                text146                            774C     774C       C6         0
                text145                            724A     724A       E2         0
                text144                            8028     8028       96         0
                text143                            8F52     8F52       24         0
                text142                            5782     5782      1C4         0
                text141                            8C02     8C02       44         0
                text140                            7082     7082       E6         0
                text139                            80BE     80BE       8C         0
                text138                            8440     8440       70         0
                text137                            8840     8840       60         0
                text136                            699E     699E      10A         0
                text135                            688E     688E      110         0
                text134                            7F92     7F92       96         0
                text133                            8254     8254       82         0
                text132                            6CA8     6CA8       F8         0
                text131                            8F2A     8F2A       28         0
                text130                            4D32     4D32      244         0
                text129                            8F98     8F98       22         0
                text128                            9292     9292        E         0
                text127                            3F94     3F94      3E0         0
                text126                            19F6     19F6     156C         0
                text125                            913C     913C       16         0
                text124                            9284     9284        E         0
                intcode_body                       814A     814A       86         0
                text122                            92A0     92A0        C         0
                text121                            92F6     92F6        8         0
                text120                            92EE     92EE        8         0
                text119                            92CA     92CA        A         0
                text118                            9126     9126       16         0
                text117                            9222     9222       12         0
                text116                            92C0     92C0        A         0
                text115                            88FE     88FE       5C         0
                text114                            9210     9210       12         0
                text113                            91FE     91FE       12         0
                text112                            8A9C     8A9C       4C         0
                text111                            8AE8     8AE8       4A         0
                text110                            905A     905A       20         0
                text109                            8F02     8F02       28         0
                text108                            8E88     8E88       2A         0
                text107                            92B6     92B6        A         0
                text106                            92AC     92AC        A         0
                text105                            903A     903A       20         0
                text104                            92E6     92E6        8         0
                text103                            81D0     81D0       84         0
                text102                            9110     9110       16         0
                text101                            8658     8658       64         0
                text100                            8CFE     8CFE       38         0
                text99                             90FA     90FA       16         0
                text98                             91A2     91A2       14         0
                text97                             918E     918E       14         0
                text96                             87E0     87E0       60         0
                text95                             8BBE     8BBE       44         0
                text94                             7996     7996       C2         0
                text93                             85F4     85F4       64         0
                text92                             55AA     55AA      1D8         0
                text91                             8A02     8A02       4E         0
                text90                             6416     6416      12A         0
                text89                             6540     6540      120         0
                text88                             61A2     61A2      142         0
                text87                             75B8     75B8       CE         0
                text86                             8E00     8E00       30         0
                text85                             461E     461E      27E         0
                text84                             89B2     89B2       50         0
                text83                             62E4     62E4      132         0
                text82                             7686     7686       C6         0
                text81                             7D1C     7D1C       A4         0
                text80                             82D6     82D6       80         0
                text79                             5C58     5C58      164         0
                text78                             5AE2     5AE2      176         0
                text77                             74E8     74E8       D0         0
                text76                             7B0E     7B0E       B4         0
                text75                             5DBC     5DBC      15C         0
                text74                             4374     4374      2AA         0
                text73                             8E30     8E30       2E         0
                text72                             9274     9274       10         0
                text71                             36BC     36BC      49E         0
                text70                               1C       1C     19DA         0
                text69                             6660     6660      11A         0
                text68                             871E     871E       62         0
                text67                             91EC     91EC       12         0
                text66                             92DE     92DE        8         0
                text65                             8EDA     8EDA       28         0
                text64                             8DD0     8DD0       30         0
                text63                             7168     7168       E2         0
                text62                             90C8     90C8       1A         0
                text61                             91DA     91DA       12         0
                text60                             90AE     90AE       1A         0
                text59                             88A0     88A0       5E         0
                text58                             8356     8356       7A         0
                text57                             83D0     83D0       70         0
                text56                             7C74     7C74       A8         0
                text55                             8780     8780       60         0
                text54                             917A     917A       14         0
                text53                             677A     677A      114         0
                text52                             8C84     8C84       3E         0
                text51                             6F8C     6F8C       F6         0
                text50                             8E5E     8E5E       2A         0
                text49                             489C     489C      24E         0
                text48                             605E     605E      144         0
                text47                             8F76     8F76       22         0
                text46                             8D36     8D36       36         0
                text45                             3B5A     3B5A      43A         0
                text44                             90E2     90E2       18         0
                text43                             9264     9264       10         0
                text42                             4AEA     4AEA      248         0
                text41                             901A     901A       20         0
                text40                             4F76     4F76      240         0
                text39                             8FFA     8FFA       20         0
                text38                             86BC     86BC       62         0
                text37                             6BA8     6BA8      100         0
                text36                             8CC2     8CC2       3C         0
                text35                             7EFA     7EFA       98         0
                text34                             740A     740A       DE         0
                text33                             53C6     53C6      1E4         0
                text32                             7BC2     7BC2       B2         0
                text31                             78D4     78D4       C2         0
                text30                             9166     9166       14         0
                text29                             9254     9254       10         0
                text28                             8FDA     8FDA       20         0
                text27                             8FBA     8FBA       20         0
                text26                             7A58     7A58       B6         0
                text25                             5F18     5F18      146         0
                text24                             6E96     6E96       F6         0
                text23                             895A     895A       58         0
                text22                             8D6C     8D6C       34         0
                text21                             7812     7812       C2         0
                text20                             9094     9094       1A         0
                text19                             9152     9152       14         0
                text18                             9244     9244       10         0
                text17                             907A     907A       1A         0
                text16                             732C     732C       DE         0
                text15                             7DC0     7DC0       A2         0
                text14                             91C8     91C8       12         0
                text13                             2F62     2F62      75A         0
                text12                             8B7A     8B7A       44         0
                text11                             8B32     8B32       48         0
                text10                             8DA0     8DA0       30         0
                text9                              8588     8588       6C         0
                text8                              91B6     91B6       12         0
                text7                              8C46     8C46       3E         0
                text6                              8EB2     8EB2       28         0
                text5                              6DA0     6DA0       F6         0
                text4                              851C     851C       6C         0
                text3                              84B0     84B0       6C         0
                text2                              9234     9234       10         0
                text1                              6AA8     6AA8      100         0
                text0                              51B6     51B6      210         0
                cinit                              8A50     8A50       4C         0
                idataBANK1                         7E62     7E62       98         0

        CLASS   CONST          

        CLASS   SMALLCONST     

        CLASS   MEDIUMCONST    
                mediumconst                        FC32     FC32      3CE         0

        CLASS   COMRAM         
                cstackCOMRAM                          1        1       7A         1
                bssCOMRAM                            7B       7B        5         1

        CLASS   ABS1           

        CLASS   BIGRAM         

        CLASS   RAM            

        CLASS   BANK0          
                cstackBANK0                          80       80       64         1
                bssBANK0                             E4       E4        E         1

        CLASS   BANK1          
                cstackBANK1                         1CA      1CA       15         1
                dataBANK1                           100      100       98         1
                bssBANK1                            198      198       32         1

        CLASS   BANK2          
                cstackBANK2                         200      200       29         1

        CLASS   BANK3          

        CLASS   BANK4          

        CLASS   BANK5          

        CLASS   BANK6          

        CLASS   BANK7          

        CLASS   BANK8          

        CLASS   BANK9          

        CLASS   BANK10         

        CLASS   BANK11         

        CLASS   BANK12         

        CLASS   BANK13         

        CLASS   BANK14         

        CLASS   BANK15         

        CLASS   SFR            

        CLASS   FARRAM         

        CLASS   CONFIG         
                config                           300000   300000        E         0

        CLASS   IDLOC          
                idloc                            200000   200000        8         0

        CLASS   EEDATA         



SEGMENTS        Name                           Load    Length   Top    Selector   Space  Class

                reset_vec                      000000  000004  000004         0       0  CODE    
                cstackCOMRAM                   000001  00007F  000080         1       1  COMRAM  
                intcode                        000008  0092F6  0092FE         4       0  CODE    
                cstackBANK0                    000080  000072  0000F2        80       1  BANK0   
                dataBANK1                      000100  0000DF  0001DF       100       1  BANK1   
                cstackBANK2                    000200  000029  000229       200       1  BANK2   
                mediumconst                    00FC32  0003CE  010000      7E19       0  MEDIUMCO
                idloc                          200000  000008  200008    200000       0  IDLOC   
                config                         300000  00000E  30000E    300000       0  CONFIG  


UNUSED ADDRESS RANGES

        Name                Unused          Largest block    Delta
        BANK0            0000F2-0000FF                E
        BANK1            0001DF-0001FF               21
        BANK10           000A00-000AFF              100
        BANK11           000B00-000BFF              100
        BANK12           000C00-000CFF              100
        BANK13           000D00-000DFF              100
        BANK14           000E00-000EFF              100
        BANK15           000F00-000F7F               80
        BANK2            000229-0002FF               D7
        BANK3            000300-0003FF              100
        BANK4            000400-0004FF              100
        BANK5            000500-0005FF              100
        BANK6            000600-0006FF              100
        BANK7            000700-0007FF              100
        BANK8            000800-0008FF              100
        BANK9            000900-0009FF              100
        BIGRAM           0000F2-0000FF                E
                         0001DF-0001FF               21
                         000229-000F7F              D57
        CODE             000004-000007                4
                         0092FE-00FC31             6934
        CONST            000004-000007                4
                         0092FE-00FC31             6934
        EEDATA           F00000-F003FF              400
        MEDIUMCONST      0092FE-00FC31             6934
        RAM              0000F2-0000FF                E
                         0001DF-0001FF               21
                         000229-000F7F              100
        SFR              000F80-000FFF               80
        SMALLCONST       0092FE-00FC31              100
        STACK            000229-000F7F              D57

                                  Symbol Table

?_DS1621_Read_Temp                            cstackBANK0  000091
?___awdiv                                     cstackBANK0  000094
?___awmod                                     cstackBANK0  0000BA
?___awtoft                                    cstackBANK0  000096
?___ftadd                                     cstackBANK0  0000CA
?___ftdiv                                     cstackBANK0  0000C7
?___ftmul                                     cstackBANK0  00009C
?___ftneg                                     cstackBANK0  0000C3
?___ftpack                                    cstackBANK0  00008E
?___ftsub                                     cstackBANK0  0000D6
?___fttol                                     cstackBANK0  0000AB
?___lbtoft                                    cstackBANK0  000096
?___lldiv                                     cstackBANK0  00008E
?___llmod                                     cstackBANK0  00009B
?___lltoft                                    cstackBANK0  0000BA
?___wmul                                      cstackBANK0  00008E
?__div_to_l_                                  cstackBANK0  00008E
?__tdiv_to_l_                                 cstackBANK0  00008E
?_dec_2_bcd                                   cstackBANK0  0000C0
?_fround                                      cstackBANK0  0000C0
?_get_RPM                                     cstackBANK0  00009C
?_get_duty_cycle                              cstackBANK0  00008E
?_get_full_ADC                                cstackBANK0  00008E
?_printf                                      cstackBANK1  0001CA
?_read_volt                                   cstackBANK0  0000D6
?_scale                                       cstackBANK0  0000C0
?_strlen                                      cstackBANK0  00008E
?i2___awdiv                                   cstackCOMRAM 000007
?i2___awmod                                   cstackCOMRAM 000001
?i2___ftadd                                   cstackCOMRAM 000035
?i2___ftdiv                                   cstackCOMRAM 000032
?i2___ftmul                                   cstackCOMRAM 00001C
?i2___ftneg                                   cstackCOMRAM 000019
?i2___ftpack                                  cstackCOMRAM 000001
?i2___ftsub                                   cstackCOMRAM 000041
?i2___fttol                                   cstackCOMRAM 000001
?i2___lldiv                                   cstackCOMRAM 000001
?i2___llmod                                   cstackCOMRAM 00000E
?i2___lltoft                                  cstackCOMRAM 000010
?i2___wmul                                    cstackCOMRAM 00000F
?i2__div_to_l_                                cstackCOMRAM 000001
?i2__tdiv_to_l_                               cstackCOMRAM 000001
?i2_fround                                    cstackCOMRAM 00002B
?i2_printf                                    cstackCOMRAM 00004A
?i2_scale                                     cstackCOMRAM 00002B
DS1621_Init@Device                            cstackBANK0  000093
DS1621_Read_Temp@Cmd                          cstackBANK0  000093
DS1621_Read_Temp@Data_Ret                     cstackBANK0  000094
DS1621_Read_Temp@Device                       cstackBANK0  000095
DS3231_Init@Address_7                         cstackBANK0  000094
DS3231_Init@Address_E                         cstackBANK0  000095
DS3231_Init@Device                            cstackBANK0  000097
DS3231_Init@control_E                         cstackBANK0  000096
DS3231_Read_Alarm_Time@Address                cstackBANK0  000091
DS3231_Read_Alarm_Time@Device                 cstackBANK0  000092
DS3231_Read_Time@Address                      cstackBANK0  000091
DS3231_Read_Time@Device                       cstackBANK0  000092
DS3231_Turn_Off_Alarm@Address_E               cstackBANK0  000098
DS3231_Turn_Off_Alarm@Address_F               cstackBANK0  000099
DS3231_Turn_Off_Alarm@Device                  cstackBANK0  00009C
DS3231_Turn_Off_Alarm@control_E               cstackBANK0  00009A
DS3231_Turn_Off_Alarm@control_F               cstackBANK0  00009B
DS3231_Turn_On_Alarm@Address_E                cstackBANK0  000098
DS3231_Turn_On_Alarm@Address_F                cstackBANK0  000099
DS3231_Turn_On_Alarm@Device                   cstackBANK0  00009C
DS3231_Turn_On_Alarm@control_E                cstackBANK0  00009A
DS3231_Turn_On_Alarm@control_F                cstackBANK0  00009B
DS3231_Write_Alarm_Time@Address               cstackBANK0  0000C8
DS3231_Write_Alarm_Time@Device                cstackBANK0  0000C7
DS3231_Write_Time@Address                     cstackBANK0  0000C8
DS3231_Write_Time@Device                      cstackBANK0  0000C7
I2C_Init@c                                    cstackBANK0  00008E
I2C_Read@ack                                  cstackBANK0  00008E
I2C_Read@inByte                               cstackBANK0  000090
I2C_Read@n                                    cstackBANK0  00008F
I2C_Write@n                                   cstackBANK0  00008F
I2C_Write@outByte                             cstackBANK0  00008E
I2C_Write_Address_Read_One_Byte@Address       cstackBANK0  000091
I2C_Write_Address_Read_One_Byte@Data_Ret      cstackBANK0  000092
I2C_Write_Address_Read_One_Byte@Device        cstackBANK0  000093
I2C_Write_Address_Write_One_Byte@Address      cstackBANK0  000090
I2C_Write_Address_Write_One_Byte@Data_Out     cstackBANK0  000091
I2C_Write_Address_Write_One_Byte@Device       cstackBANK0  000092
I2C_Write_Cmd_Only@Cmd                        cstackBANK0  000090
I2C_Write_Cmd_Only@Device                     cstackBANK0  000091
I2C_Write_Cmd_Write_Data@Cmd                  cstackBANK0  000090
I2C_Write_Cmd_Write_Data@Data_Out             cstackBANK0  000091
I2C_Write_Cmd_Write_Data@Device               cstackBANK0  000092
OpenUSART@config                              cstackBANK0  000090
OpenUSART@spbrg                               cstackBANK0  00008E
Set_RGB_Color@color                           cstackBANK0  00008E
Update_Screen@neg_tempF                       cstackBANK0  0000C9
Update_Setup_Fan_Screen@dc_char1              cstackBANK0  0000C7
Update_Setup_Fan_Screen@dc_char2              cstackBANK0  0000C8
Update_Setup_Fan_Screen@dc_char3              cstackBANK0  0000C9
Update_Setup_Screen_Cursor_Backward@field     cstackBANK0  0000AB
Update_Setup_Screen_Cursor_Backward@xinc      cstackBANK0  0000AD
Update_Setup_Screen_Cursor_Backward@yinc      cstackBANK0  0000AC
Update_Setup_Screen_Cursor_Forward@field      cstackBANK0  0000AB
Update_Setup_Screen_Cursor_Forward@xinc       cstackBANK0  0000AD
Update_Setup_Screen_Cursor_Forward@yinc       cstackBANK0  0000AC
Wait_One_Sec@k                                cstackBANK0  00008E
_ADCON0                                       (abs)        000FC2
_ADCON0bits                                   (abs)        000FC2
_ADCON1                                       (abs)        000FC1
_ADCON2                                       (abs)        000FC0
_ADRESH                                       (abs)        000FC4
_ADRESL                                       (abs)        000FC3
_ALARMEN                                      bssBANK1     00019F
_Activate_Buzzer_2KHz                         text61       0091DA
_Activate_Buzzer_4KHz                         text8        0091B6
_Activate_Buzzer_500Hz                        text67       0091EC
_Alarm_SW_Txt                                 dataBANK1    000182
_CCP1CON                                      (abs)        000FBD
_CCP2CON                                      (abs)        000FBA
_CCPR1L                                       (abs)        000FBE
_CCPR2L                                       (abs)        000FBB
_DC_Txt                                       dataBANK1    000186
_DS1621_Init                                  text108      008E88
_DS1621_Read_Temp                             text111      008AE8
_DS1621_tempC                                 bssBANK1     0001A1
_DS1621_tempF                                 bssBANK1     0001A3
_DS3231_Init                                  text5        006DA0
_DS3231_Read_Alarm_Time                       text59       0088A0
_DS3231_Read_Time                             text58       008356
_DS3231_Turn_Off_Alarm                        text4        00851C
_DS3231_Turn_On_Alarm                         text3        0084B0
_DS3231_Write_Alarm_Time                      text56       007C74
_DS3231_Write_Time                            text31       0078D4
_Deactivate_Buzzer                            text66       0092DE
_Decrease_Alarm_Time                          text68       00871E
_Decrease_Fan_Temp                            text20       009094
_Decrease_Time                                text32       007BC2
_Do_Beep_Bad                                  text62       0090C8
_Do_Beep_Good                                 text60       0090AE
_Do_Init                                      text101      008658
_Do_Save_New_Alarm_Time                       text44       0090E2
_Do_Save_New_Fan_Temp                         text19       009152
_Do_Save_New_Time                             text30       009166
_Do_Setup_Alarm_Time                          text34       00740A
_Do_Setup_Time                                text24       006E96
_Exit_Setup_Alarm_Time                        text43       009264
_Exit_Setup_Fan_Temp                          text18       009244
_Exit_Time_Setup                              text29       009254
_FAN                                          bssCOMRAM    00007D
_Fan_SW_Txt                                   dataBANK1    00018A
_Fan_Set_Temp_Txt                             dataBANK1    000173
_Go_Next_Alarm_Field                          text41       00901A
_Go_Next_Field                                text28       008FDA
_Go_Prev_Alarm_Field                          text39       008FFA
_Go_Prev_Field                                text27       008FBA
_I2C_Init                                     text107      0092B6
_I2C_ReStart                                  text118      009126
_I2C_Read                                     text115      0088FE
_I2C_Start                                    text114      009210
_I2C_Stop                                     text113      0091FE
_I2C_Write                                    text112      008A9C
_I2C_Write_Address_Read_One_Byte              text7        008C46
_I2C_Write_Address_Write_One_Byte             text6        008EB2
_I2C_Write_Cmd_Only                           text110      00905A
_I2C_Write_Cmd_Write_Data                     text109      008F02
_INT0_isr                                     text147      005946
_INT1_flag                                    bssBANK1     0001B3
_INT2_flag                                    bssBANK1     0001B4
_INT2_isr                                     text125      00913C
_INTCON2bits                                  (abs)        000FF1
_INTCON3bits                                  (abs)        000FF0
_INTCONbits                                   (abs)        000FF2
_In_Alarm_Time_Setup                          bssBANK1     0001B5
_In_Fan_Temp_Setup                            bssBANK1     0001B6
_In_Time_Setup                                bssBANK1     0001B7
_Increase_Alarm_Time                          text38       0086BC
_Increase_Fan_Temp                            text17       00907A
_Increase_Time                                text26       007A58
_Init_ADC                                     text106      0092AC
_Init_Interrupt                               text105      00903A
_Initialize_Screen                            text45       003B5A
_Initialize_Setup_Alarm_Time_Screen           text37       006BA8
_Initialize_Setup_Fan_Screen                  text16       00732C
_Initialize_Setup_Time_Screen                 text25       005F18
_LCD_Reset                                    text54       00917A
_MATCHED                                      bssBANK1     0001A5
_Monitor_Fan                                  text22       008D6C
_Nec_code                                     bssBANK1     000198
_Nec_code1                                    bssBANK1     0001B8
_Nec_state                                    bssBANK1     0001B9
_OSCCON                                       (abs)        000FD3
_OpenUSART                                    text103      0081D0
_PIE1bits                                     (abs)        000F9D
_PIR1bits                                     (abs)        000F9E
_PORTAbits                                    (abs)        000F80
_PORTBbits                                    (abs)        000F81
_PORTD                                        (abs)        000F83
_PORTDbits                                    (abs)        000F83
_PORTE                                        (abs)        000F84
_PR2                                          (abs)        000FCB
_RBPU                                         (abs)        007F8F
_RCSTA                                        (abs)        000FAB
_RCSTAbits                                    (abs)        000FAB
_RPM_Txt                                      dataBANK1    000178
_RTC_ALARM_Txt                                dataBANK1    000196
_Rcmd1                                        text53       00677A
_Rcmd2red                                     text52       008C84
_Rcmd3                                        text51       006F8C
_SPBRG                                        (abs)        000FAF
_SPBRGH                                       (abs)        000FB0
_SSPBUF                                       (abs)        000FC9
_SSPCON1                                      (abs)        000FC6
_SSPSTAT                                      (abs)        000FC7
_SSPSTATbits                                  (abs)        000FC7
_Select_Alarm_Field                           bssBANK1     0001BA
_Select_Fan_Temp_Field                        bssBANK1     0001BB
_Select_Field                                 bssBANK1     0001BC
_Set_RGB_Color                                text2        009234
_Setup_Temp_Fan                               text15       007DC0
_T0CON                                        (abs)        000FD5
_T0CONbits                                    (abs)        000FD5
_T1CON                                        (abs)        000FCD
_T1CONbits                                    (abs)        000FCD
_T2CON                                        (abs)        000FCA
_T3CON                                        (abs)        000FB1
_TFT_GreenTab_Initialize                      text50       008E5E
_TIMER1_isr                                   text124      009284
_TMR0H                                        (abs)        000FD7
_TMR0L                                        (abs)        000FD6
_TMR1H                                        (abs)        000FCF
_TMR1L                                        (abs)        000FCE
_TMR3L                                        (abs)        000FB2
_TRISA                                        (abs)        000F92
_TRISB                                        (abs)        000F93
_TRISC                                        (abs)        000F94
_TRISCbits                                    (abs)        000F94
_TRISD                                        (abs)        000F95
_TRISDbits                                    (abs)        000F95
_TRISE                                        (abs)        000F96
_TRMT                                         (abs)        007D61
_TXREG                                        (abs)        000FAD
_TXSTA                                        (abs)        000FAC
_TXSTAbits                                    (abs)        000FAC
_Time_Elapsed                                 bssCOMRAM    00007B
_Toggle_Fan_Monitor                           text14       0091C8
_Turn_Off_Fan                                 text104      0092E6
_Update_Screen                                text13       002F62
_Update_Setup_Alarm_Time_Screen               text69       006660
_Update_Setup_Fan_Screen                      text21       007812
_Update_Setup_Screen_Cursor_Backward          text40       004F76
_Update_Setup_Screen_Cursor_Forward           text42       004AEA
_Update_Setup_Time_Screen                     text33       0053C6
_Volt_Txt                                     dataBANK1    00016D
_Wait_One_Sec                                 text65       008EDA
__CFG_BOREN$OFF                               (abs)        000000
__CFG_CCP2MX$PORTBE                           (abs)        000000
__CFG_LVP$OFF                                 (abs)        000000
__CFG_OSC$INTIO67                             (abs)        000000
__CFG_WDT$OFF                                 (abs)        000000
__HRAM                                        (abs)        000000
__Habs1                                       abs1         000000
__Hbank0                                      bank0        000000
__Hbank1                                      bank1        000000
__Hbank10                                     bank10       000000
__Hbank11                                     bank11       000000
__Hbank12                                     bank12       000000
__Hbank13                                     bank13       000000
__Hbank14                                     bank14       000000
__Hbank15                                     bank15       000000
__Hbank2                                      bank2        000000
__Hbank3                                      bank3        000000
__Hbank4                                      bank4        000000
__Hbank5                                      bank5        000000
__Hbank6                                      bank6        000000
__Hbank7                                      bank7        000000
__Hbank8                                      bank8        000000
__Hbank9                                      bank9        000000
__Hbigbss                                     bigbss       000000
__Hbigdata                                    bigdata      000000
__Hbigram                                     bigram       000000
__Hbss                                        bss          000000
__HbssBANK0                                   bssBANK0     000000
__HbssBANK1                                   bssBANK1     000000
__HbssCOMRAM                                  bssCOMRAM    000000
__Hcinit                                      cinit        000000
__Hclrtext                                    clrtext      000000
__Hcomram                                     comram       000000
__Hconfig                                     config       30000E
__Hconst                                      const        000000
__HcstackBANK0                                cstackBANK0  000000
__HcstackBANK1                                cstackBANK1  000000
__HcstackBANK2                                cstackBANK2  000000
__HcstackCOMRAM                               cstackCOMRAM 000000
__Hdata                                       data         000000
__HdataBANK1                                  dataBANK1    000000
__Heeprom_data                                eeprom_data  000000
__Hend_init                                   end_init     00001C
__Hfarbss                                     farbss       000000
__Hfardata                                    fardata      000000
__Hibigdata                                   ibigdata     000000
__Hidata                                      idata        000000
__HidataBANK1                                 idataBANK1   000000
__Hidloc                                      idloc        200008
__Hifardata                                   ifardata     000000
__Hinit                                       init         000018
__Hintcode                                    intcode      000018
__Hintcode_body                               intcode_body 000000
__Hintcodelo                                  intcodelo    000018
__Hintentry                                   intentry     000000
__Hintret                                     intret       000000
__Hintsave_regs                               intsave_regs 000000
__Hirdata                                     irdata       000000
__Hmediumconst                                mediumconst  010000
__HnvFARRAM                                   nvFARRAM     000000
__Hnvbit                                      nvbit        000000
__Hnvrram                                     nvrram       000000
__Hparam                                      rparam       000000
__Hpowerup                                    powerup      000018
__Hram                                        ram          000000
__Hramtop                                     ramtop       001000
__Hrbit                                       rbit         000000
__Hrbss                                       rbss         000000
__Hrdata                                      rdata        000000
__Hreset_vec                                  reset_vec    000004
__Hrparam                                     rparam       000000
__Hsfr                                        sfr          000000
__Hsmallconst                                 smallconst   000000
__Hspace_0                                    (abs)        30000E
__Hspace_1                                    (abs)        000229
__Hspace_2                                    (abs)        000000
__Hstack                                      stack        000000
__Hstruct                                     struct       000000
__Htemp                                       temp         000000
__Htext                                       text         000000
__Htext0                                      text0        000000
__Htext1                                      text1        000000
__Htext10                                     text10       000000
__Htext100                                    text100      000000
__Htext101                                    text101      000000
__Htext102                                    text102      000000
__Htext103                                    text103      000000
__Htext104                                    text104      000000
__Htext105                                    text105      000000
__Htext106                                    text106      000000
__Htext107                                    text107      000000
__Htext108                                    text108      000000
__Htext109                                    text109      000000
__Htext11                                     text11       000000
__Htext110                                    text110      000000
__Htext111                                    text111      000000
__Htext112                                    text112      000000
__Htext113                                    text113      000000
__Htext114                                    text114      000000
__Htext115                                    text115      000000
__Htext116                                    text116      000000
__Htext117                                    text117      000000
__Htext118                                    text118      000000
__Htext119                                    text119      000000
__Htext12                                     text12       000000
__Htext120                                    text120      000000
__Htext121                                    text121      000000
__Htext122                                    text122      000000
__Htext124                                    text124      000000
__Htext125                                    text125      000000
__Htext126                                    text126      000000
__Htext127                                    text127      000000
__Htext128                                    text128      000000
__Htext129                                    text129      000000
__Htext13                                     text13       000000
__Htext130                                    text130      000000
__Htext131                                    text131      000000
__Htext132                                    text132      000000
__Htext133                                    text133      000000
__Htext134                                    text134      000000
__Htext135                                    text135      000000
__Htext136                                    text136      000000
__Htext137                                    text137      000000
__Htext138                                    text138      000000
__Htext139                                    text139      000000
__Htext14                                     text14       000000
__Htext140                                    text140      000000
__Htext141                                    text141      000000
__Htext142                                    text142      000000
__Htext143                                    text143      000000
__Htext144                                    text144      000000
__Htext145                                    text145      000000
__Htext146                                    text146      000000
__Htext147                                    text147      000000
__Htext148                                    text148      000000
__Htext15                                     text15       000000
__Htext16                                     text16       000000
__Htext17                                     text17       000000
__Htext18                                     text18       000000
__Htext19                                     text19       000000
__Htext2                                      text2        000000
__Htext20                                     text20       000000
__Htext21                                     text21       000000
__Htext22                                     text22       000000
__Htext23                                     text23       000000
__Htext24                                     text24       000000
__Htext25                                     text25       000000
__Htext26                                     text26       000000
__Htext27                                     text27       000000
__Htext28                                     text28       000000
__Htext29                                     text29       000000
__Htext3                                      text3        000000
__Htext30                                     text30       000000
__Htext31                                     text31       000000
__Htext32                                     text32       000000
__Htext33                                     text33       000000
__Htext34                                     text34       000000
__Htext35                                     text35       000000
__Htext36                                     text36       000000
__Htext37                                     text37       000000
__Htext38                                     text38       000000
__Htext39                                     text39       000000
__Htext4                                      text4        000000
__Htext40                                     text40       000000
__Htext41                                     text41       000000
__Htext42                                     text42       000000
__Htext43                                     text43       000000
__Htext44                                     text44       000000
__Htext45                                     text45       000000
__Htext46                                     text46       000000
__Htext47                                     text47       000000
__Htext48                                     text48       000000
__Htext49                                     text49       000000
__Htext5                                      text5        000000
__Htext50                                     text50       000000
__Htext51                                     text51       000000
__Htext52                                     text52       000000
__Htext53                                     text53       000000
__Htext54                                     text54       000000
__Htext55                                     text55       000000
__Htext56                                     text56       000000
__Htext57                                     text57       000000
__Htext58                                     text58       000000
__Htext59                                     text59       000000
__Htext6                                      text6        000000
__Htext60                                     text60       000000
__Htext61                                     text61       000000
__Htext62                                     text62       000000
__Htext63                                     text63       000000
__Htext64                                     text64       000000
__Htext65                                     text65       000000
__Htext66                                     text66       000000
__Htext67                                     text67       000000
__Htext68                                     text68       000000
__Htext69                                     text69       000000
__Htext7                                      text7        000000
__Htext70                                     text70       000000
__Htext71                                     text71       000000
__Htext72                                     text72       000000
__Htext73                                     text73       000000
__Htext74                                     text74       000000
__Htext75                                     text75       000000
__Htext76                                     text76       000000
__Htext77                                     text77       000000
__Htext78                                     text78       000000
__Htext79                                     text79       000000
__Htext8                                      text8        000000
__Htext80                                     text80       000000
__Htext81                                     text81       000000
__Htext82                                     text82       000000
__Htext83                                     text83       000000
__Htext84                                     text84       000000
__Htext85                                     text85       000000
__Htext86                                     text86       000000
__Htext87                                     text87       000000
__Htext88                                     text88       000000
__Htext89                                     text89       000000
__Htext9                                      text9        000000
__Htext90                                     text90       000000
__Htext91                                     text91       000000
__Htext92                                     text92       000000
__Htext93                                     text93       000000
__Htext94                                     text94       000000
__Htext95                                     text95       000000
__Htext96                                     text96       000000
__Htext97                                     text97       000000
__Htext98                                     text98       000000
__Htext99                                     text99       000000
__LRAM                                        (abs)        000001
__Labs1                                       abs1         000000
__Lbank0                                      bank0        000000
__Lbank1                                      bank1        000000
__Lbank10                                     bank10       000000
__Lbank11                                     bank11       000000
__Lbank12                                     bank12       000000
__Lbank13                                     bank13       000000
__Lbank14                                     bank14       000000
__Lbank15                                     bank15       000000
__Lbank2                                      bank2        000000
__Lbank3                                      bank3        000000
__Lbank4                                      bank4        000000
__Lbank5                                      bank5        000000
__Lbank6                                      bank6        000000
__Lbank7                                      bank7        000000
__Lbank8                                      bank8        000000
__Lbank9                                      bank9        000000
__Lbigbss                                     bigbss       000000
__Lbigdata                                    bigdata      000000
__Lbigram                                     bigram       000000
__Lbss                                        bss          000000
__LbssBANK0                                   bssBANK0     000000
__LbssBANK1                                   bssBANK1     000000
__LbssCOMRAM                                  bssCOMRAM    000000
__Lcinit                                      cinit        000000
__Lclrtext                                    clrtext      000000
__Lcomram                                     comram       000000
__Lconfig                                     config       300000
__Lconst                                      const        000000
__LcstackBANK0                                cstackBANK0  000000
__LcstackBANK1                                cstackBANK1  000000
__LcstackBANK2                                cstackBANK2  000000
__LcstackCOMRAM                               cstackCOMRAM 000000
__Ldata                                       data         000000
__LdataBANK1                                  dataBANK1    000000
__Leeprom_data                                eeprom_data  000000
__Lend_init                                   end_init     000018
__Lfarbss                                     farbss       000000
__Lfardata                                    fardata      000000
__Libigdata                                   ibigdata     000000
__Lidata                                      idata        000000
__LidataBANK1                                 idataBANK1   000000
__Lidloc                                      idloc        200000
__Lifardata                                   ifardata     000000
__Linit                                       init         000018
__Lintcode                                    intcode      000008
__Lintcode_body                               intcode_body 000000
__Lintcodelo                                  intcodelo    000018
__Lintentry                                   intentry     000000
__Lintret                                     intret       000000
__Lintsave_regs                               intsave_regs 000000
__Lirdata                                     irdata       000000
__Lmediumconst                                mediumconst  00FC32
__LnvFARRAM                                   nvFARRAM     000000
__Lnvbit                                      nvbit        000000
__Lnvrram                                     nvrram       000000
__Lparam                                      rparam       000000
__Lpowerup                                    powerup      000018
__Lram                                        ram          000000
__Lramtop                                     ramtop       001000
__Lrbit                                       rbit         000000
__Lrbss                                       rbss         000000
__Lrdata                                      rdata        000000
__Lreset_vec                                  reset_vec    000000
__Lrparam                                     rparam       000000
__Lsfr                                        sfr          000000
__Lsmallconst                                 smallconst   000000
__Lspace_0                                    (abs)        000000
__Lspace_1                                    (abs)        000000
__Lspace_2                                    (abs)        000000
__Lstack                                      stack        000000
__Lstruct                                     struct       000000
__Ltemp                                       temp         000000
__Ltext                                       text         000000
__Ltext0                                      text0        000000
__Ltext1                                      text1        000000
__Ltext10                                     text10       000000
__Ltext100                                    text100      000000
__Ltext101                                    text101      000000
__Ltext102                                    text102      000000
__Ltext103                                    text103      000000
__Ltext104                                    text104      000000
__Ltext105                                    text105      000000
__Ltext106                                    text106      000000
__Ltext107                                    text107      000000
__Ltext108                                    text108      000000
__Ltext109                                    text109      000000
__Ltext11                                     text11       000000
__Ltext110                                    text110      000000
__Ltext111                                    text111      000000
__Ltext112                                    text112      000000
__Ltext113                                    text113      000000
__Ltext114                                    text114      000000
__Ltext115                                    text115      000000
__Ltext116                                    text116      000000
__Ltext117                                    text117      000000
__Ltext118                                    text118      000000
__Ltext119                                    text119      000000
__Ltext12                                     text12       000000
__Ltext120                                    text120      000000
__Ltext121                                    text121      000000
__Ltext122                                    text122      000000
__Ltext124                                    text124      000000
__Ltext125                                    text125      000000
__Ltext126                                    text126      000000
__Ltext127                                    text127      000000
__Ltext128                                    text128      000000
__Ltext129                                    text129      000000
__Ltext13                                     text13       000000
__Ltext130                                    text130      000000
__Ltext131                                    text131      000000
__Ltext132                                    text132      000000
__Ltext133                                    text133      000000
__Ltext134                                    text134      000000
__Ltext135                                    text135      000000
__Ltext136                                    text136      000000
__Ltext137                                    text137      000000
__Ltext138                                    text138      000000
__Ltext139                                    text139      000000
__Ltext14                                     text14       000000
__Ltext140                                    text140      000000
__Ltext141                                    text141      000000
__Ltext142                                    text142      000000
__Ltext143                                    text143      000000
__Ltext144                                    text144      000000
__Ltext145                                    text145      000000
__Ltext146                                    text146      000000
__Ltext147                                    text147      000000
__Ltext148                                    text148      000000
__Ltext15                                     text15       000000
__Ltext16                                     text16       000000
__Ltext17                                     text17       000000
__Ltext18                                     text18       000000
__Ltext19                                     text19       000000
__Ltext2                                      text2        000000
__Ltext20                                     text20       000000
__Ltext21                                     text21       000000
__Ltext22                                     text22       000000
__Ltext23                                     text23       000000
__Ltext24                                     text24       000000
__Ltext25                                     text25       000000
__Ltext26                                     text26       000000
__Ltext27                                     text27       000000
__Ltext28                                     text28       000000
__Ltext29                                     text29       000000
__Ltext3                                      text3        000000
__Ltext30                                     text30       000000
__Ltext31                                     text31       000000
__Ltext32                                     text32       000000
__Ltext33                                     text33       000000
__Ltext34                                     text34       000000
__Ltext35                                     text35       000000
__Ltext36                                     text36       000000
__Ltext37                                     text37       000000
__Ltext38                                     text38       000000
__Ltext39                                     text39       000000
__Ltext4                                      text4        000000
__Ltext40                                     text40       000000
__Ltext41                                     text41       000000
__Ltext42                                     text42       000000
__Ltext43                                     text43       000000
__Ltext44                                     text44       000000
__Ltext45                                     text45       000000
__Ltext46                                     text46       000000
__Ltext47                                     text47       000000
__Ltext48                                     text48       000000
__Ltext49                                     text49       000000
__Ltext5                                      text5        000000
__Ltext50                                     text50       000000
__Ltext51                                     text51       000000
__Ltext52                                     text52       000000
__Ltext53                                     text53       000000
__Ltext54                                     text54       000000
__Ltext55                                     text55       000000
__Ltext56                                     text56       000000
__Ltext57                                     text57       000000
__Ltext58                                     text58       000000
__Ltext59                                     text59       000000
__Ltext6                                      text6        000000
__Ltext60                                     text60       000000
__Ltext61                                     text61       000000
__Ltext62                                     text62       000000
__Ltext63                                     text63       000000
__Ltext64                                     text64       000000
__Ltext65                                     text65       000000
__Ltext66                                     text66       000000
__Ltext67                                     text67       000000
__Ltext68                                     text68       000000
__Ltext69                                     text69       000000
[...]
      Temps:          3       0       0       0       0       0       0       0       0       0       0       0       0       0       0       0       0
      Totals:         9       0       0       0       0       0       0       0       0       0       0       0       0       0       0       0       0
Total ram usage:        9 bytes
 Hardware stack levels used:    1
 This function calls:
		Nothing
 This function is called by:
		i2_printf
 This function uses a non-reentrant model


 *************** function i2___ftdiv *****************
 Defined at:
		line 54 in file "C:\Program Files (x86)\Microchip\xc8\v1.34\sources\common\ftdiv.c"
 Parameters:    Size  Location     Type
  f1              3   49[COMRAM] float 
  f2              3   52[COMRAM] float 
 Auto vars:     Size  Location     Type
  __ftdiv         3   59[COMRAM] float 
  __ftdiv         1   63[COMRAM] unsigned char 
  __ftdiv         1   62[COMRAM] unsigned char 
  __ftdiv         1   58[COMRAM] unsigned char 
 Return value:  Size  Location     Type
                  3   49[COMRAM] float 
 Registers used:
		wreg, status,2, status,0, cstack
 Tracked objects:
		On entry : 
		On exit  : 
		Unchanged: 
 Data sizes:     COMRAM   BANK0   BANK1   BANK2   BANK3   BANK4   BANK5   BANK6   BANK7   BANK8   BANK9  BANK10  BANK11  BANK12  BANK13  BANK14  BANK15
      Params:         6       0       0       0       0       0       0       0       0       0       0       0       0       0       0       0       0
      Locals:         6       0       0       0       0       0       0       0       0       0       0       0       0       0       0       0       0
      Temps:          3       0       0       0       0       0       0       0       0       0       0       0       0       0       0       0       0
      Totals:        15       0       0       0       0       0       0       0       0       0       0       0       0       0       0       0       0
Total ram usage:       15 bytes
 Hardware stack levels used:    1
 Hardware stack levels required when called:    1
 This function calls:
		i2___ftpack
 This function is called by:
		i2_printf
 This function uses a non-reentrant model


 *************** function i2___ftpack *****************
 Defined at:
		line 62 in file "C:\Program Files (x86)\Microchip\xc8\v1.34\sources\common\float.c"
 Parameters:    Size  Location     Type
  arg             3    0[COMRAM] unsigned um
  exp             1    3[COMRAM] unsigned char 
  sign            1    4[COMRAM] unsigned char 
 Auto vars:     Size  Location     Type
		None
 Return value:  Size  Location     Type
                  3    0[COMRAM] float 
 Registers used:
		wreg, status,2, status,0
 Tracked objects:
		On entry : 
		On exit  : 
		Unchanged: 
 Data sizes:     COMRAM   BANK0   BANK1   BANK2   BANK3   BANK4   BANK5   BANK6   BANK7   BANK8   BANK9  BANK10  BANK11  BANK12  BANK13  BANK14  BANK15
      Params:         5       0       0       0       0       0       0       0       0       0       0       0       0       0       0       0       0
      Locals:         0       0       0       0       0       0       0       0       0       0       0       0       0       0       0       0       0
      Temps:          3       0       0       0       0       0       0       0       0       0       0       0       0       0       0       0       0
      Totals:         8       0       0       0       0       0       0       0       0       0       0       0       0       0       0       0       0
Total ram usage:        8 bytes
 Hardware stack levels used:    1
 This function calls:
		Nothing
 This function is called by:
		i2___ftadd
		i2___ftdiv
		i2___ftmul
		i2___lltoft
 This function uses a non-reentrant model


 *************** function _INT0_isr *****************
 Defined at:
		line 69 in file "C:/Users/Thalia/MPLABXProjects/ECE/ECE3301L/Lab13.X/Interrupt.c"
 Parameters:    Size  Location     Type
		None
 Auto vars:     Size  Location     Type
		None
 Return value:  Size  Location     Type
		None               void
 Registers used:
		wreg, status,2, status,0, cstack
 Tracked objects:
		On entry : 
		On exit  : 
		Unchanged: 
 Data sizes:     COMRAM   BANK0   BANK1   BANK2   BANK3   BANK4   BANK5   BANK6   BANK7   BANK8   BANK9  BANK10  BANK11  BANK12  BANK13  BANK14  BANK15
      Params:         0       0       0       0       0       0       0       0       0       0       0       0       0       0       0       0       0
      Locals:         0       0       0       0       0       0       0       0       0       0       0       0       0       0       0       0       0
      Temps:          2       0       0       0       0       0       0       0       0       0       0       0       0       0       0       0       0
      Totals:         2       0       0       0       0       0       0       0       0       0       0       0       0       0       0       0       0
Total ram usage:        2 bytes
 Hardware stack levels used:    1
 Hardware stack levels required when called:    1
 This function calls:
		_force_nec_state0
 This function is called by:
		_chkisr
 This function uses a non-reentrant model


 *************** function _force_nec_state0 *****************
 Defined at:
		line 56 in file "C:/Users/Thalia/MPLABXProjects/ECE/ECE3301L/Lab13.X/Interrupt.c"
 Parameters:    Size  Location     Type
		None
 Auto vars:     Size  Location     Type
		None
 Return value:  Size  Location     Type
		None               void
 Registers used:
		wreg, status,2
 Tracked objects:
		On entry : 
		On exit  : 
		Unchanged: 
 Data sizes:     COMRAM   BANK0   BANK1   BANK2   BANK3   BANK4   BANK5   BANK6   BANK7   BANK8   BANK9  BANK10  BANK11  BANK12  BANK13  BANK14  BANK15
      Params:         0       0       0       0       0       0       0       0       0       0       0       0       0       0       0       0       0
      Locals:         0       0       0       0       0       0       0       0       0       0       0       0       0       0       0       0       0
      Temps:          0       0       0       0       0       0       0       0       0       0       0       0       0       0       0       0       0
      Totals:         0       0       0       0       0       0       0       0       0       0       0       0       0       0       0       0       0
Total ram usage:        0 bytes
 Hardware stack levels used:    1
 This function calls:
		Nothing
 This function is called by:
		_INT0_isr
 This function uses a non-reentrant model



MODULE INFORMATION

Module		Function		Class		Link	Load	Size
C:\Program Files (x86)\Microchip\xc8\v1.34\sources\common\ftge.c
		___ftge        		CODE           	75B8	0000	207

C:\Program Files (x86)\Microchip\xc8\v1.34\sources\common\ftge.c estimated size: 207

C:\Program Files (x86)\Microchip\xc8\v1.34\sources\common\ftdivl.c
		__tdiv_to_l_   		CODE           	5AE2	0000	375

C:\Program Files (x86)\Microchip\xc8\v1.34\sources\common\ftdivl.c estimated size: 375

C:/Users/Thalia/MPLABXProjects/ECE/ECE3301L/Lab13.X/Fan_Support.c
		_get_duty_cycle		CODE           	895A	0000	89
		_get_RPM       		CODE           	8B7A	0000	69
		_Toggle_Fan_Mon		CODE           	91C8	0000	19
		_Turn_Off_Fan  		CODE           	92E6	0000	9
		_Monitor_Fan   		CODE           	8D6C	0000	53

C:/Users/Thalia/MPLABXProjects/ECE/ECE3301L/Lab13.X/Fan_Support.c estimated size: 239

C:\Program Files (x86)\Microchip\xc8\v1.34\sources\common\ftneg.c
		___ftneg       		CODE           	8E00	0000	49

C:\Program Files (x86)\Microchip\xc8\v1.34\sources\common\ftneg.c estimated size: 49

C:\Program Files (x86)\Microchip\xc8\v1.34\sources\common\fldivl.c
		__div_to_l_    		CODE           	5C58	0000	357

C:\Program Files (x86)\Microchip\xc8\v1.34\sources\common\fldivl.c estimated size: 357

C:\Program Files (x86)\Microchip\xc8\v1.34\sources\common\ftsub.c
		___ftsub       		CODE           	89B2	0000	81

C:\Program Files (x86)\Microchip\xc8\v1.34\sources\common\ftsub.c estimated size: 81

C:\Program Files (x86)\Microchip\xc8\v1.34\sources\common\float.c
		___ftpack      		CODE           	6540	0000	289

C:\Program Files (x86)\Microchip\xc8\v1.34\sources\common\float.c estimated size: 289

C:/Users/Thalia/MPLABXProjects/ECE/ECE3301L/Lab13.X/Main_Screen.c
		_Update_Screen 		CODE           	2F62	0000	1883
		_Initialize_Scr		CODE           	3B5A	0000	1083

C:/Users/Thalia/MPLABXProjects/ECE/ECE3301L/Lab13.X/Main_Screen.c estimated size: 2966

C:\Program Files (x86)\Microchip\xc8\v1.34\sources\pic18\plib\USART\uopen.c
		_OpenUSART     		CODE           	81D0	0000	133

C:\Program Files (x86)\Microchip\xc8\v1.34\sources\pic18\plib\USART\uopen.c estimated size: 133

C:/Users/Thalia/MPLABXProjects/ECE/ECE3301L/Lab13.X/Setup_Fan_Temp.c
		_Setup_Temp_Fan		CODE           	7DC0	0000	163
		_Decrease_Fan_T		CODE           	9094	0000	27
		_Increase_Fan_T		CODE           	907A	0000	27
		_Exit_Setup_Fan		CODE           	9244	0000	17
		_Do_Save_New_Fa		CODE           	9152	0000	21
		_Update_Setup_F		CODE           	7812	0000	195
		_Initialize_Set		CODE           	732C	0000	223

C:/Users/Thalia/MPLABXProjects/ECE/ECE3301L/Lab13.X/Setup_Fan_Temp.c estimated size: 673

C:/Users/Thalia/MPLABXProjects/ECE/ECE3301L/Lab13.X/utils.c
		_Do_Beep_Bad   		CODE           	90C8	0000	27
		_Do_Beep_Good  		CODE           	90AE	0000	27
		_Init_ADC      		CODE           	92AC	0000	11
		_do_update_pwm 		CODE           	7168	0000	227
		_Activate_Buzze		CODE           	91DA	0000	19
		_Activate_Buzze		CODE           	91B6	0000	19
		_Deactivate_Buz		CODE           	92DE	0000	9
		_Activate_Buzze		CODE           	91EC	0000	19
		_check_for_butt		CODE           	7EFA	0000	153
		_Set_RGB_Color 		CODE           	9234	0000	17
		_dec_2_bcd     		CODE           	83D0	0000	113
		_read_volt     		CODE           	8588	0000	109
		_get_full_ADC  		CODE           	8DA0	0000	49
		_bcd_2_dec     		CODE           	8CC2	0000	61
		_Wait_One_Sec  		CODE           	8EDA	0000	41

C:/Users/Thalia/MPLABXProjects/ECE/ECE3301L/Lab13.X/utils.c estimated size: 901

C:\Program Files (x86)\Microchip\xc8\v1.34\sources\common\awmod.c
		___awmod       		CODE           	7B0E	0000	181

C:\Program Files (x86)\Microchip\xc8\v1.34\sources\common\awmod.c estimated size: 181

C:/Users/Thalia/MPLABXProjects/ECE/ECE3301L/Lab13.X/Setup_Time.c
		_Decrease_Time 		CODE           	7BC2	0000	179
		_Update_Setup_S		CODE           	4AEA	0000	585
		_Update_Setup_T		CODE           	53C6	0000	485
		_Do_Save_New_Ti		CODE           	9166	0000	21
		_Increase_Time 		CODE           	7A58	0000	183
		_Do_Setup_Time 		CODE           	6E96	0000	247
		_Update_Setup_S		CODE           	4F76	0000	577
		_Initialize_Set		CODE           	5F18	0000	327
		_Go_Next_Field 		CODE           	8FDA	0000	33
		_Go_Prev_Field 		CODE           	8FBA	0000	33
		_Exit_Time_Setu		CODE           	9254	0000	17

C:/Users/Thalia/MPLABXProjects/ECE/ECE3301L/Lab13.X/Setup_Time.c estimated size: 2687

C:/Users/Thalia/MPLABXProjects/ECE/ECE3301L/Lab13.X/I2C_Support.c
		_DS3231_Write_A		CODE           	7C74	0000	169
		_DS3231_Init   		CODE           	6DA0	0000	247
		_DS3231_Read_Ti		CODE           	8356	0000	123
		_DS1621_Init   		CODE           	8E88	0000	43
		_DS3231_Write_T		CODE           	78D4	0000	195
		_DS1621_Read_Te		CODE           	8AE8	0000	75
		_DS3231_Turn_On		CODE           	84B0	0000	109
		_DS3231_Read_Al		CODE           	88A0	0000	95
		_DS3231_Turn_Of		CODE           	851C	0000	109

C:/Users/Thalia/MPLABXProjects/ECE/ECE3301L/Lab13.X/I2C_Support.c estimated size: 1165

C:\Program Files (x86)\Microchip\xc8\v1.34\sources\common\llmod.c
		___llmod       		CODE           	7D1C	0000	165

C:\Program Files (x86)\Microchip\xc8\v1.34\sources\common\llmod.c estimated size: 165

C:\Program Files (x86)\Microchip\xc8\v1.34\sources\common\awtoft.c
		___awtoft      		CODE           	8B32	0000	73

C:\Program Files (x86)\Microchip\xc8\v1.34\sources\common\awtoft.c estimated size: 73

C:\Program Files (x86)\Microchip\xc8\v1.34\sources\common\lbtoft.c
		___lbtoft      		CODE           	8DD0	0000	49

C:\Program Files (x86)\Microchip\xc8\v1.34\sources\common\lbtoft.c estimated size: 49

C:\Program Files (x86)\Microchip\xc8\v1.34\sources\common\ftmul.c
		___ftmul       		CODE           	5DBC	0000	349

C:\Program Files (x86)\Microchip\xc8\v1.34\sources\common\ftmul.c estimated size: 349

C:\Program Files (x86)\Microchip\xc8\v1.34\sources\common\isdigit.c
		_isdigit       		CODE           	8E30	0000	47

C:\Program Files (x86)\Microchip\xc8\v1.34\sources\common\isdigit.c estimated size: 47

C:/Users/Thalia/MPLABXProjects/ECE/ECE3301L/Lab13.X/I2C_Soft.c
		_I2C_Write_Addr		CODE           	8C46	0000	63
		_i2cLowSda     		CODE           	92CA	0000	11
		_i2cLowScl     		CODE           	92EE	0000	9
		_I2C_Write_Cmd_		CODE           	905A	0000	33
		_I2C_Write     		CODE           	8A9C	0000	77
		_I2C_Write_Cmd_		CODE           	8F02	0000	41
		_I2C_Stop      		CODE           	91FE	0000	19
		_I2C_Read      		CODE           	88FE	0000	93
		_i2cNack       		CODE           	92C0	0000	11
		_I2C_Init      		CODE           	92B6	0000	11
		_i2cHighSda    		CODE           	92F6	0000	9
		_i2cHighScl    		CODE           	92A0	0000	13
		_I2C_Start     		CODE           	9210	0000	19
		_i2cAck        		CODE           	9222	0000	19
		_I2C_Write_Addr		CODE           	8EB2	0000	41
		_I2C_ReStart   		CODE           	9126	0000	23

C:/Users/Thalia/MPLABXProjects/ECE/ECE3301L/Lab13.X/I2C_Soft.c estimated size: 492

C:\Program Files (x86)\Microchip\xc8\v1.34\sources\common\strlen.c
		_strlen        		CODE           	8A02	0000	79

C:\Program Files (x86)\Microchip\xc8\v1.34\sources\common\strlen.c estimated size: 79

C:\Program Files (x86)\Microchip\xc8\v1.34\sources\common\ftdiv.c
		___ftdiv       		CODE           	61A2	0000	323

C:\Program Files (x86)\Microchip\xc8\v1.34\sources\common\ftdiv.c estimated size: 323

C:\Program Files (x86)\Microchip\xc8\v1.34\sources\common\lltoft.c
		___lltoft      		CODE           	82D6	0000	129

C:\Program Files (x86)\Microchip\xc8\v1.34\sources\common\lltoft.c estimated size: 129

shared
		i2_printf      		CODE           	19F6	0000	5485
		i2___ftneg     		CODE           	8F52	0000	37
		i2_putch       		CODE           	9292	0000	15
		i2___ftadd     		CODE           	5782	0000	453
		i2___ftdiv     		CODE           	724A	0000	227
		__powers_      		MEDIUMCONST    	FE5D	0000	40
		i2___fttol     		CODE           	7082	0000	231
		_font          		MEDIUMCONST    	FC33	0000	256
		_dpowers       		MEDIUMCONST    	FE0E	0000	41
		i2___ftge      		CODE           	8028	0000	151
		i2_isdigit     		CODE           	8F98	0000	35
		i2___awdiv     		CODE           	7F92	0000	151
		i2__tdiv_to_l_ 		CODE           	688E	0000	273
		i2___ftmul     		CODE           	6CA8	0000	249
		i2___wmul      		CODE           	8F2A	0000	41
		i2__div_to_l_  		CODE           	699E	0000	267
		__npowers_     		MEDIUMCONST    	FE36	0000	40
		i2___ftpack    		CODE           	774C	0000	199
		i2_scale       		CODE           	3F94	0000	993
		i2___lldiv     		CODE           	80BE	0000	141
		__initializatio		CODE           	8A50	0000	67
		i2___lltoft    		CODE           	8840	0000	97
		i2___ftsub     		CODE           	8C02	0000	69
		i2___awmod     		CODE           	8254	0000	131
		_hexpowers     		MEDIUMCONST    	FE84	0000	33
		i2___llmod     		CODE           	8440	0000	113
		_font2         		MEDIUMCONST    	FD32	0000	221
		i2_fround      		CODE           	4D32	0000	581

shared estimated size: 10637

C:\Program Files (x86)\Microchip\xc8\v1.34\sources\common\strcpy.c
		_strcpy        		CODE           	8D36	0000	55

C:\Program Files (x86)\Microchip\xc8\v1.34\sources\common\strcpy.c estimated size: 55

C:\Program Files (x86)\Microchip\xc8\v1.34\sources\common\awdiv.c
		___awdiv       		CODE           	74E8	0000	209

C:\Program Files (x86)\Microchip\xc8\v1.34\sources\common\awdiv.c estimated size: 209

C:/Users/Thalia/MPLABXProjects/ECE/ECE3301L/Lab13.X/Main.c
		_putch         		CODE           	9274	0000	17
		_main          		CODE           	51B6	0000	529
		_init_UART     		CODE           	9110	0000	23
		_Do_Init       		CODE           	8658	0000	101
		_test_alarm    		CODE           	6AA8	0000	257

C:/Users/Thalia/MPLABXProjects/ECE/ECE3301L/Lab13.X/Main.c estimated size: 927

C:\Program Files (x86)\Microchip\xc8\v1.34\sources\common\lldiv.c
		___lldiv       		CODE           	7686	0000	199

C:\Program Files (x86)\Microchip\xc8\v1.34\sources\common\lldiv.c estimated size: 199

C:/Users/Thalia/MPLABXProjects/ECE/ECE3301L/Lab13.X/Interrupt.c
		_INT2_isr      		CODE           	913C	0000	23
		_TIMER1_isr    		CODE           	9284	0000	15
		_Init_Interrupt		CODE           	903A	0000	33
		_force_nec_stat		CODE           	92D4	0000	11
		_INT0_isr      		CODE           	5946	0000	413
		_chkisr        		CODE           	0008	0000	151

C:/Users/Thalia/MPLABXProjects/ECE/ECE3301L/Lab13.X/Interrupt.c estimated size: 646

C:/Users/Thalia/MPLABXProjects/ECE/ECE3301L/Lab13.X/ST7735_TFT.c
		_drawChar      		CODE           	55AA	0000	473
		_drawCircle    		CODE           	489C	0000	591
		_fillScreen    		CODE           	8F76	0000	35
		_Rcmd3         		CODE           	6F8C	0000	247
		_write_data    		CODE           	918E	0000	21
		_setAddrWindow 		CODE           	87E0	0000	97
		_drawtext      		CODE           	6416	0000	299
		_fillRect      		CODE           	85F4	0000	101
		_LCD_Reset     		CODE           	917A	0000	21
		_drawPixel     		CODE           	8BBE	0000	69
		_fillRectangle 		CODE           	605E	0000	325
		_write_command 		CODE           	91A2	0000	21
		_drawFastVLine 		CODE           	7996	0000	195
		_Rcmd2red      		CODE           	8C84	0000	63
		_TFT_GreenTab_I		CODE           	8E5E	0000	43
		_delay_ms      		CODE           	8780	0000	97
		_Rcmd1         		CODE           	677A	0000	277
		_spiwrite      		CODE           	90FA	0000	23

C:/Users/Thalia/MPLABXProjects/ECE/ECE3301L/Lab13.X/ST7735_TFT.c estimated size: 2998

C:/Users/Thalia/MPLABXProjects/ECE/ECE3301L/Lab13.X/Setup_Alarm_Time.c
		_Initialize_Set		CODE           	6BA8	0000	257
		_Go_Next_Alarm_		CODE           	901A	0000	33
		_Update_Setup_A		CODE           	6660	0000	283
		_Go_Prev_Alarm_		CODE           	8FFA	0000	33
		_Exit_Setup_Ala		CODE           	9264	0000	17
		_Do_Save_New_Al		CODE           	90E2	0000	25
		_Decrease_Alarm		CODE           	871E	0000	99
		_Increase_Alarm		CODE           	86BC	0000	99
		_Do_Setup_Alarm		CODE           	740A	0000	223

C:/Users/Thalia/MPLABXProjects/ECE/ECE3301L/Lab13.X/Setup_Alarm_Time.c estimated size: 1069

C:\Program Files (x86)\Microchip\xc8\v1.34\sources\common\doprnt.c
		_scale         		CODE           	36BC	0000	1183
		_printf        		CODE           	001C	0000	6619
		_fround        		CODE           	4374	0000	683

C:\Program Files (x86)\Microchip\xc8\v1.34\sources\common\doprnt.c estimated size: 8485

C:\Program Files (x86)\Microchip\xc8\v1.34\sources\common\fttol.c
		___fttol       		CODE           	62E4	0000	307

C:\Program Files (x86)\Microchip\xc8\v1.34\sources\common\fttol.c estimated size: 307

C:\Program Files (x86)\Microchip\xc8\v1.34\sources\common\Umul16.c
		___wmul        		CODE           	8CFE	0000	57

C:\Program Files (x86)\Microchip\xc8\v1.34\sources\common\Umul16.c estimated size: 57

C:\Program Files (x86)\Microchip\xc8\v1.34\sources\common\ftadd.c
		___ftadd       		CODE           	461E	0000	639

C:\Program Files (x86)\Microchip\xc8\v1.34\sources\common\ftadd.c estimated size: 639

