Microchip MPLAB XC8 Compiler V1.34 ()

Linker command line:

-W-3 --edf=C:\Program Files (x86)\Microchip\xc8\v1.34\dat\en_msgs.txt -cs \
  -h+dist/default/production\Lab11.X.production.sym \
  --cmf=dist/default/production\Lab11.X.production.cmf -z -Q18F4620 \
  -oC:\Users\Thalia\AppData\Local\Temp\saf8.6 \
  -Mdist/default/production/Lab11.X.production.map -E1 -ver=XC8 \
  -ASTACK=086h-0f7fh -pstack=STACK -ACODE=00h-0FFFFh -ACONST=00h-0FFFFh \
  -ASMALLCONST=01000h-010FFhx240 -AMEDIUMCONST=01000h-0FFFFh \
  -ACOMRAM=01h-07Fh -AABS1=00h-0F7Fh -ABIGRAM=01h-0F7Fh \
  -ARAM=080h-0FFh,0100h-01FFhx14,0F00h-0F7Fh -ABANK0=080h-0FFh \
  -ABANK1=0100h-01FFh -ABANK2=0200h-02FFh -ABANK3=0300h-03FFh \
  -ABANK4=0400h-04FFh -ABANK5=0500h-05FFh -ABANK6=0600h-06FFh \
  -ABANK7=0700h-07FFh -ABANK8=0800h-08FFh -ABANK9=0900h-09FFh \
  -ABANK10=0A00h-0AFFh -ABANK11=0B00h-0BFFh -ABANK12=0C00h-0CFFh \
  -ABANK13=0D00h-0DFFh -ABANK14=0E00h-0EFFh -ABANK15=0F00h-0F7Fh \
  -ASFR=0F80h-0FFFh \
  -preset_vec=00h,intcode=08h,intcodelo,powerup,init,end_init \
  -pramtop=01000h -psmallconst=SMALLCONST -pmediumconst=MEDIUMCONST \
  -pconst=CONST -AFARRAM=00h-00h -ACONFIG=0300000h-030000Dh -pconfig=CONFIG \
  -AIDLOC=0200000h-0200007h -pidloc=IDLOC -AEEDATA=0F00000h-0F003FFh \
  -peeprom_data=EEDATA \
  -prdata=COMRAM,nvrram=COMRAM,nvbit=COMRAM,rbss=COMRAM,rbit=COMRAM \
  -pfarbss=FARRAM,fardata=FARRAM,nvFARRAM=FARRAM \
  -pintsave_regs=BIGRAM,bigbss=BIGRAM,bigdata=BIGRAM -pbss=RAM \
  -pidata=CODE,irdata=CODE,ibigdata=CODE,ifardata=CODE -prparam=COMRAM \
  C:\Users\Thalia\AppData\Local\Temp\saf8.obj \
  dist/default/production\Lab11.X.production.obj 

Object code version is 3.11

Machine type is 18F4620

Call graph: (short form)




                Name                               Link     Load   Length Selector   Space Scale
C:\Users\Thalia\AppData\Local\Temp\saf8.obj
                end_init                             18       18        4        4       0
                reset_vec                             0        0        4        0       0
                idloc                            200000   200000        8   200000       0
                config                           300000   300000        E   300000       0
dist/default/production\Lab11.X.production.obj
                intcode                               8        8       10        4       0
                smallconst                         1000     1000       6E      800       0
                text36                             1C1E     1C1E        8      837       0
                text35                             13C8     13C8      160      837       0
                text34                             1BDC     1BDC        C      837       0
                intcode_body                       16D2     16D2       7C      837       0
                text32                             1BB0     1BB0       12      837       0
                text31                             1BD0     1BD0        C      837       0
                text30                             1C16     1C16        8      837       0
                text29                             1C0E     1C0E        8      837       0
                text28                             1BFC     1BFC        A      837       0
                text27                             1B50     1B50       16      837       0
                text26                             1B9E     1B9E       12      837       0
                text25                             1BF2     1BF2        A      837       0
                text24                             1930     1930       48      837       0
                text23                             1B8C     1B8C       12      837       0
                text22                             1B7A     1B7A       12      837       0
                text21                             1978     1978       3E      837       0
                text20                             19B6     19B6       3C      837       0
                text19                             1824     1824       64      837       0
                text18                             17BE     17BE       66      837       0
                text17                             1C06     1C06        8      837       0
                text16                             1B08     1B08       1A      837       0
                text15                             1ACA     1ACA       20      837       0
                text14                             1AEA     1AEA       1E      837       0
                text13                             1BE8     1BE8        A      837       0
                text12                             1B22     1B22       18      837       0
                text11                             174E     174E       70      837       0
                text10                             1B66     1B66       14      837       0
                text9                              1A28     1A28       34      837       0
                text8                              1A84     1A84       24      837       0
                text7                              163C     163C       96      837       0
                text6                              1888     1888       5C      837       0
                text5                              18E4     18E4       4C      837       0
                text4                              1A5C     1A5C       28      837       0
                text3                              1AA8     1AA8       22      837       0
                text2                              1BC2     1BC2        E      837       0
                text1                              106E     106E      35A      837       0
                text0                              1528     1528      114      837       0
                cstackCOMRAM                          1        1       38        1       1
                cstackBANK0                          80       80        6       80       1
                dataCOMRAM                           5A       5A       16        1       1
                bssCOMRAM                            39       39       21        1       1
                cinit                              19F2     19F2       36      837       0
                idataCOMRAM                        1B3A     1B3A       16      837       0

TOTAL           Name                               Link     Load   Length     Space
        CLASS   STACK          

        CLASS   CODE           
                end_init                             18       18        4         0
                intcode                               8        8       10         0
                reset_vec                             0        0        4         0
                text36                             1C1E     1C1E        8         0
                text35                             13C8     13C8      160         0
                text34                             1BDC     1BDC        C         0
                intcode_body                       16D2     16D2       7C         0
                text32                             1BB0     1BB0       12         0
                text31                             1BD0     1BD0        C         0
                text30                             1C16     1C16        8         0
                text29                             1C0E     1C0E        8         0
                text28                             1BFC     1BFC        A         0
                text27                             1B50     1B50       16         0
                text26                             1B9E     1B9E       12         0
                text25                             1BF2     1BF2        A         0
                text24                             1930     1930       48         0
                text23                             1B8C     1B8C       12         0
                text22                             1B7A     1B7A       12         0
                text21                             1978     1978       3E         0
                text20                             19B6     19B6       3C         0
                text19                             1824     1824       64         0
                text18                             17BE     17BE       66         0
                text17                             1C06     1C06        8         0
                text16                             1B08     1B08       1A         0
                text15                             1ACA     1ACA       20         0
                text14                             1AEA     1AEA       1E         0
                text13                             1BE8     1BE8        A         0
                text12                             1B22     1B22       18         0
                text11                             174E     174E       70         0
                text10                             1B66     1B66       14         0
                text9                              1A28     1A28       34         0
                text8                              1A84     1A84       24         0
                text7                              163C     163C       96         0
                text6                              1888     1888       5C         0
                text5                              18E4     18E4       4C         0
                text4                              1A5C     1A5C       28         0
                text3                              1AA8     1AA8       22         0
                text2                              1BC2     1BC2        E         0
                text1                              106E     106E      35A         0
                text0                              1528     1528      114         0
                cinit                              19F2     19F2       36         0
                idataCOMRAM                        1B3A     1B3A       16         0

        CLASS   CONST          

        CLASS   SMALLCONST     
                smallconst                         1000     1000       6E         0

        CLASS   MEDIUMCONST    

        CLASS   COMRAM         
                cstackCOMRAM                          1        1       38         1
                dataCOMRAM                           5A       5A       16         1
                bssCOMRAM                            39       39       21         1

        CLASS   ABS1           

        CLASS   BIGRAM         

        CLASS   RAM            

        CLASS   BANK0          
                cstackBANK0                          80       80        6         1

        CLASS   BANK1          

        CLASS   BANK2          

        CLASS   BANK3          

        CLASS   BANK4          

        CLASS   BANK5          

        CLASS   BANK6          

        CLASS   BANK7          

        CLASS   BANK8          

        CLASS   BANK9          

        CLASS   BANK10         

        CLASS   BANK11         

        CLASS   BANK12         

        CLASS   BANK13         

        CLASS   BANK14         

        CLASS   BANK15         

        CLASS   SFR            

        CLASS   FARRAM         

        CLASS   CONFIG         
                config                           300000   300000        E         0

        CLASS   IDLOC          
                idloc                            200000   200000        8         0

        CLASS   EEDATA         



SEGMENTS        Name                           Load    Length   Top    Selector   Space  Class

                reset_vec                      000000  000004  000004         0       0  CODE    
                cstackCOMRAM                   000001  00006F  000070         1       1  COMRAM  
                intcode                        000008  000014  00001C         4       0  CODE    
                cstackBANK0                    000080  000006  000086        80       1  BANK0   
                smallconst                     001000  00006E  00106E       800       0  SMALLCON
                text1                          00106E  000BB8  001C26       837       0  CODE    
                idloc                          200000  000008  200008    200000       0  IDLOC   
                config                         300000  00000E  30000E    300000       0  CONFIG  


UNUSED ADDRESS RANGES

        Name                Unused          Largest block    Delta
        BANK0            000086-0000FF               7A
        BANK1            000100-0001FF              100
        BANK10           000A00-000AFF              100
        BANK11           000B00-000BFF              100
        BANK12           000C00-000CFF              100
        BANK13           000D00-000DFF              100
        BANK14           000E00-000EFF              100
        BANK15           000F00-000F7F               80
        BANK2            000200-0002FF              100
        BANK3            000300-0003FF              100
        BANK4            000400-0004FF              100
        BANK5            000500-0005FF              100
        BANK6            000600-0006FF              100
        BANK7            000700-0007FF              100
        BANK8            000800-0008FF              100
        BANK9            000900-0009FF              100
        BIGRAM           000070-00007F               10
                         000086-000F7F              EFA
        CODE             000004-000007                4
                         00001C-000FFF              FE4
                         001C26-00FFFF             E3DA
        COMRAM           000070-00007F               10
        CONST            000004-000007                4
                         00001C-000FFF              FE4
                         001C26-00FFFF             E3DA
        EEDATA           F00000-F003FF              400
        MEDIUMCONST      001C26-00FFFF             E3DA
        RAM              000086-000F7F              100
        SFR              000F80-000FFF               80
        SMALLCONST       001C26-00FFFF              100
        STACK            000086-000F7F              EFA

                                  Symbol Table

?_DS1621_Read_Temp                 cstackCOMRAM 000014
?___awdiv                          cstackCOMRAM 000011
?___lwdiv                          cstackCOMRAM 000011
?___lwmod                          cstackCOMRAM 000018
?___wmul                           cstackCOMRAM 000011
?_printf                           cstackCOMRAM 00001D
DS1621_Init@Device                 cstackCOMRAM 000016
DS1621_Read_Temp@Cmd               cstackCOMRAM 000016
DS1621_Read_Temp@Data_Ret          cstackCOMRAM 000017
DS1621_Read_Temp@Device            cstackCOMRAM 000018
DS3231_Read_Time@Address           cstackCOMRAM 000014
DS3231_Read_Time@Device            cstackCOMRAM 000015
DS3231_Setup_Time@Address          cstackCOMRAM 000014
DS3231_Setup_Time@Device           cstackCOMRAM 000013
I2C_Init@c                         cstackCOMRAM 000011
I2C_Read@ack                       cstackCOMRAM 000011
I2C_Read@inByte                    cstackCOMRAM 000013
I2C_Read@n                         cstackCOMRAM 000012
I2C_Write@n                        cstackCOMRAM 000012
I2C_Write@outByte                  cstackCOMRAM 000011
I2C_Write_Cmd_Only@Cmd             cstackCOMRAM 000013
I2C_Write_Cmd_Only@Device          cstackCOMRAM 000014
I2C_Write_Cmd_Write_Data@Cmd       cstackCOMRAM 000013
I2C_Write_Cmd_Write_Data@Data_Out  cstackCOMRAM 000014
I2C_Write_Cmd_Write_Data@Device    cstackCOMRAM 000015
OpenUSART@config                   cstackCOMRAM 000013
OpenUSART@spbrg                    cstackCOMRAM 000011
Wait_One_Sec@k                     cstackCOMRAM 000011
_ADCON1                            (abs)        000FC1
_Activate_Buzzer                   text32       001BB0
_CCP2CON                           (abs)        000FBA
_CCPR2L                            (abs)        000FBB
_DS1621_Init                       text14       001AEA
_DS1621_Read_Temp                  text20       0019B6
_DS3231_Read_Time                  text19       001824
_DS3231_Setup_Time                 text18       0017BE
_Deactivate_Buzzer                 text17       001C06
_Do_Init                           text9        001A28
_I2C_Init                          text13       001BE8
_I2C_ReStart                       text27       001B50
_I2C_Read                          text24       001930
_I2C_Start                         text23       001B8C
_I2C_Stop                          text22       001B7A
_I2C_Write                         text21       001978
_I2C_Write_Cmd_Only                text16       001B08
_I2C_Write_Cmd_Write_Data          text15       001ACA
_INT0_isr                          text35       0013C8
_INTCON2bits                       (abs)        000FF1
_INTCONbits                        (abs)        000FF2
_Nec_code                          bssCOMRAM    000039
_Nec_code1                         bssCOMRAM    000041
_Nec_state                         bssCOMRAM    000042
_OSCCON                            (abs)        000FD3
_OpenUSART                         text11       00174E
_PIE1bits                          (abs)        000F9D
_PIR1bits                          (abs)        000F9E
_PORTBbits                         (abs)        000F81
_PORTCbits                         (abs)        000F82
_PR2                               (abs)        000FCB
_RBPU                              (abs)        007F8F
_RCSTA                             (abs)        000FAB
_RCSTAbits                         (abs)        000FAB
_SPBRG                             (abs)        000FAF
_SPBRGH                            (abs)        000FB0
_T1CON                             (abs)        000FCD
_T1CONbits                         (abs)        000FCD
_T2CON                             (abs)        000FCA
_TIMER1_isr                        text34       001BDC
_TMR1H                             (abs)        000FCF
_TMR1L                             (abs)        000FCE
_TRISB                             (abs)        000F93
_TRISC                             (abs)        000F94
_TRISCbits                         (abs)        000F94
_TRISD                             (abs)        000F95
_TRMT                              (abs)        007D61
_TXREG                             (abs)        000FAD
_TXSTA                             (abs)        000FAC
_TXSTAbits                         (abs)        000FAC
_TempSecond                        bssCOMRAM    000043
_Time_Elapsed                      bssCOMRAM    00003D
_Wait_One_Sec                      text8        001A84
__CFG_BOREN$OFF                    (abs)        000000
__CFG_CCP2MX$PORTBE                (abs)        000000
__CFG_LVP$OFF                      (abs)        000000
__CFG_OSC$INTIO67                  (abs)        000000
__CFG_WDT$OFF                      (abs)        000000
__HRAM                             (abs)        000000
__Habs1                            abs1         000000
__Hbank0                           bank0        000000
__Hbank1                           bank1        000000
__Hbank10                          bank10       000000
__Hbank11                          bank11       000000
__Hbank12                          bank12       000000
__Hbank13                          bank13       000000
__Hbank14                          bank14       000000
__Hbank15                          bank15       000000
__Hbank2                           bank2        000000
__Hbank3                           bank3        000000
__Hbank4                           bank4        000000
__Hbank5                           bank5        000000
__Hbank6                           bank6        000000
__Hbank7                           bank7        000000
__Hbank8                           bank8        000000
__Hbank9                           bank9        000000
__Hbigbss                          bigbss       000000
__Hbigdata                         bigdata      000000
__Hbigram                          bigram       000000
__Hbss                             bss          000000
__HbssCOMRAM                       bssCOMRAM    000000
__Hcinit                           cinit        000000
__Hclrtext                         clrtext      000000
__Hcomram                          comram       000000
__Hconfig                          config       30000E
__Hconst                           const        000000
__HcstackBANK0                     cstackBANK0  000000
__HcstackCOMRAM                    cstackCOMRAM 000000
__Hdata                            data         000000
__HdataCOMRAM                      dataCOMRAM   000000
__Heeprom_data                     eeprom_data  000000
__Hend_init                        end_init     00001C
__Hfarbss                          farbss       000000
__Hfardata                         fardata      000000
__Hibigdata                        ibigdata     000000
__Hidata                           idata        000000
__HidataCOMRAM                     idataCOMRAM  000000
__Hidloc                           idloc        200008
__Hifardata                        ifardata     000000
__Hinit                            init         000018
__Hintcode                         intcode      000018
__Hintcode_body                    intcode_body 000000
__Hintcodelo                       intcodelo    000018
__Hintentry                        intentry     000000
__Hintret                          intret       000000
__Hintsave_regs                    intsave_regs 000000
__Hirdata                          irdata       000000
__Hmediumconst                     mediumconst  000000
__HnvFARRAM                        nvFARRAM     000000
__Hnvbit                           nvbit        000000
__Hnvrram                          nvrram       000000
__Hparam                           rparam       000000
__Hpowerup                         powerup      000018
__Hram                             ram          000000
__Hramtop                          ramtop       001000
__Hrbit                            rbit         000000
__Hrbss                            rbss         000000
__Hrdata                           rdata        000000
__Hreset_vec                       reset_vec    000004
__Hrparam                          rparam       000000
__Hsfr                             sfr          000000
__Hsmallconst                      smallconst   00106E
__Hspace_0                         (abs)        30000E
__Hspace_1                         (abs)        000086
__Hspace_2                         (abs)        000000
__Hstack                           stack        000000
__Hstruct                          struct       000000
__Htemp                            temp         000000
__Htext                            text         000000
__Htext0                           text0        000000
__Htext1                           text1        000000
__Htext10                          text10       000000
__Htext11                          text11       000000
__Htext12                          text12       000000
__Htext13                          text13       000000
__Htext14                          text14       000000
__Htext15                          text15       000000
__Htext16                          text16       000000
__Htext17                          text17       000000
__Htext18                          text18       000000
__Htext19                          text19       000000
__Htext2                           text2        000000
__Htext20                          text20       000000
__Htext21                          text21       000000
__Htext22                          text22       000000
__Htext23                          text23       000000
__Htext24                          text24       000000
__Htext25                          text25       000000
__Htext26                          text26       000000
__Htext27                          text27       000000
__Htext28                          text28       000000
__Htext29                          text29       000000
__Htext3                           text3        000000
__Htext30                          text30       000000
__Htext31                          text31       000000
__Htext32                          text32       000000
__Htext34                          text34       000000
__Htext35                          text35       000000
__Htext36                          text36       000000
__Htext4                           text4        000000
__Htext5                           text5        000000
__Htext6                           text6        000000
__Htext7                           text7        000000
__Htext8                           text8        000000
__Htext9                           text9        000000
__LRAM                             (abs)        000001
__Labs1                            abs1         000000
__Lbank0                           bank0        000000
__Lbank1                           bank1        000000
__Lbank10                          bank10       000000
__Lbank11                          bank11       000000
__Lbank12                          bank12       000000
__Lbank13                          bank13       000000
__Lbank14                          bank14       000000
__Lbank15                          bank15       000000
__Lbank2                           bank2        000000
__Lbank3                           bank3        000000
__Lbank4                           bank4        000000
__Lbank5                           bank5        000000
__Lbank6                           bank6        000000
__Lbank7                           bank7        000000
__Lbank8                           bank8        000000
__Lbank9                           bank9        000000
__Lbigbss                          bigbss       000000
__Lbigdata                         bigdata      000000
__Lbigram                          bigram       000000
__Lbss                             bss          000000
__LbssCOMRAM                       bssCOMRAM    000000
__Lcinit                           cinit        000000
__Lclrtext                         clrtext      000000
__Lcomram                          comram       000000
__Lconfig                          config       300000
__Lconst                           const        000000
__LcstackBANK0                     cstackBANK0  000000
__LcstackCOMRAM                    cstackCOMRAM 000000
__Ldata                            data         000000
__LdataCOMRAM                      dataCOMRAM   000000
__Leeprom_data                     eeprom_data  000000
__Lend_init                        end_init     000018
__Lfarbss                          farbss       000000
__Lfardata                         fardata      000000
__Libigdata                        ibigdata     000000
__Lidata                           idata        000000
__LidataCOMRAM                     idataCOMRAM  000000
__Lidloc                           idloc        200000
__Lifardata                        ifardata     000000
__Linit                            init         000018
__Lintcode                         intcode      000008
__Lintcode_body                    intcode_body 000000
__Lintcodelo                       intcodelo    000018
__Lintentry                        intentry     000000
__Lintret                          intret       000000
__Lintsave_regs                    intsave_regs 000000
__Lirdata                          irdata       000000
__Lmediumconst                     mediumconst  000000
__LnvFARRAM                        nvFARRAM     000000
__Lnvbit                           nvbit        000000
__Lnvrram                          nvrram       000000
__Lparam                           rparam       000000
__Lpowerup                         powerup      000018
__Lram                             ram          000000
__Lramtop                          ramtop       001000
__Lrbit                            rbit         000000
__Lrbss                            rbss         000000
__Lrdata                           rdata        000000
__Lreset_vec                       reset_vec    000000
__Lrparam                          rparam       000000
__Lsfr                             sfr          000000
__Lsmallconst                      smallconst   001000
__Lspace_0                         (abs)        000000
__Lspace_1                         (abs)        000000
__Lspace_2                         (abs)        000000
__Lstack                           stack        000000
__Lstruct                          struct       000000
__Ltemp                            temp         000000
__Ltext                            text         000000
__Ltext0                           text0        000000
__Ltext1                           text1        000000
__Ltext10                          text10       000000
__Ltext11                          text11       000000
__Ltext12                          text12       000000
__Ltext13                          text13       000000
__Ltext14                          text14       000000
__Ltext15                          text15       000000
__Ltext16                          text16       000000
__Ltext17                          text17       000000
__Ltext18                          text18       000000
__Ltext19                          text19       000000
__Ltext2                           text2        000000
__Ltext20                          text20       000000
__Ltext21                          text21       000000
__Ltext22                          text22       000000
__Ltext23                          text23       000000
__Ltext24                          text24       000000
__Ltext25                          text25       000000
__Ltext26                          text26       000000
__Ltext27                          text27       000000
__Ltext28                          text28       000000
__Ltext29                          text29       000000
__Ltext3                           text3        000000
__Ltext30                          text30       000000
__Ltext31                          text31       000000
__Ltext32                          text32       000000
__Ltext34                          text34       000000
__Ltext35                          text35       000000
__Ltext36                          text36       000000
__Ltext4                           text4        000000
__Ltext5                           text5        000000
__Ltext6                           text6        000000
__Ltext7                           text7        000000
__Ltext8                           text8        000000
__Ltext9                           text9        000000
__S0                               (abs)        30000E
__S1                               (abs)        000086
__S2                               (abs)        000000
___awdiv                           text7        00163C
___awdiv@counter                   cstackCOMRAM 000015
___awdiv@dividend                  cstackCOMRAM 000011
___awdiv@divisor                   cstackCOMRAM 000013
___awdiv@quotient                  cstackCOMRAM 000017
___awdiv@sign                      cstackCOMRAM 000016
___inthi_sp                        stack        000000
___intlo_sp                        stack        000000
___lwdiv                           text6        001888
___lwdiv@counter                   cstackCOMRAM 000015
___lwdiv@dividend                  cstackCOMRAM 000011
___lwdiv@divisor                   cstackCOMRAM 000013
___lwdiv@quotient                  cstackCOMRAM 000016
___lwmod                           text5        0018E4
___lwmod@counter                   cstackCOMRAM 00001C
___lwmod@dividend                  cstackCOMRAM 000018
___lwmod@divisor                   cstackCOMRAM 00001A
___param_bank                      (abs)        000010
___rparam_used                     (abs)        000001
___sp                              stack        000000
___wmul                            text4        001A5C
___wmul@multiplicand               cstackCOMRAM 000013
___wmul@multiplier                 cstackCOMRAM 000011
___wmul@product                    cstackCOMRAM 000015
__accesstop                        (abs)        000080
__activetblptr                     (abs)        000002
__end_of_Activate_Buzzer           text32       001BC2
__end_of_DS1621_Init               text14       001B08
__end_of_DS1621_Read_Temp          text20       0019F2
__end_of_DS3231_Read_Time          text19       001888
__end_of_DS3231_Setup_Time         text18       001824
__end_of_Deactivate_Buzzer         text17       001C0E
__end_of_Do_Init                   text9        001A5C
__end_of_I2C_Init                  text13       001BF2
__end_of_I2C_ReStart               text27       001B66
__end_of_I2C_Read                  text24       001978
__end_of_I2C_Start                 text23       001B9E
__end_of_I2C_Stop                  text22       001B8C
__end_of_I2C_Write                 text21       0019B6
__end_of_I2C_Write_Cmd_Only        text16       001B22
__end_of_I2C_Write_Cmd_Write_Data  text15       001AEA
__end_of_INT0_isr                  text35       001528
__end_of_OpenUSART                 text11       0017BE
__end_of_TIMER1_isr                text34       001BE8
__end_of_Wait_One_Sec              text8        001AA8
__end_of___awdiv                   text7        0016D2
__end_of___lwdiv                   text6        0018E4
__end_of___lwmod                   text5        001930
__end_of___wmul                    text4        001A84
__end_of__initialization           cinit        001A1E
__end_of_chkisr                    intcode_body 00174E
__end_of_dpowers                   smallconst   00100B
__end_of_force_nec_state0          text36       001C26
__end_of_hexpowers                 smallconst   001013
__end_of_i2cAck                    text26       001BB0
__end_of_i2cHighScl                text31       001BDC
__end_of_i2cHighSda                text30       001C1E
__end_of_i2cLowScl                 text29       001C16
__end_of_i2cLowSda                 text28       001C06
__end_of_i2cNack                   text25       001BFC
__end_of_init_INTERRUPT            text12       001B3A
__end_of_init_UART                 text10       001B7A
__end_of_isdigit                   text3        001ACA
__end_of_main                      text0        00163C
__end_of_printf                    text1        0013C8
__end_of_putch                     text2        001BD0
__initialization                   cinit        0019F2
__mediumconst                      mediumconst  000000
__pbssCOMRAM                       bssCOMRAM    000039
__pcinit                           cinit        0019F2
__pcstackBANK0                     cstackBANK0  000080
__pcstackCOMRAM                    cstackCOMRAM 000001
__pdataCOMRAM                      dataCOMRAM   00005A
__pidataCOMRAM                     idataCOMRAM  001B3A
__pintcode                         intcode      000008
__pintcode_body                    intcode_body 0016D2
__psmallconst                      smallconst   001000
__ptext0                           text0        001528
__ptext1                           text1        00106E
__ptext10                          text10       001B66
__ptext11                          text11       00174E
__ptext12                          text12       001B22
__ptext13                          text13       001BE8
__ptext14                          text14       001AEA
__ptext15                          text15       001ACA
__ptext16                          text16       001B08
__ptext17                          text17       001C06
__ptext18                          text18       0017BE
__ptext19                          text19       001824
__ptext2                           text2        001BC2
__ptext20                          text20       0019B6
__ptext21                          text21       001978
__ptext22                          text22       001B7A
__ptext23                          text23       001B8C
__ptext24                          text24       001930
__ptext25                          text25       001BF2
__ptext26                          text26       001B9E
__ptext27                          text27       001B50
__ptext28                          text28       001BFC
__ptext29                          text29       001C0E
__ptext3                           text3        001AA8
__ptext30                          text30       001C16
__ptext31                          text31       001BD0
__ptext32                          text32       001BB0
__ptext34                          text34       001BDC
__ptext35                          text35       0013C8
__ptext36                          text36       001C1E
__ptext4                           text4        001A5C
__ptext5                           text5        0018E4
__ptext6                           text6        001888
__ptext7                           text7        00163C
__ptext8                           text8        001A84
__ptext9                           text9        001A28
__ramtop                           ramtop       001000
__size_of_Activate_Buzzer          (abs)        000000
__size_of_DS1621_Init              (abs)        000000
__size_of_DS1621_Read_Temp         (abs)        000000
__size_of_DS3231_Read_Time         (abs)        000000
__size_of_DS3231_Setup_Time        (abs)        000000
__size_of_Deactivate_Buzzer        (abs)        000000
__size_of_Do_Init                  (abs)        000000
__size_of_I2C_Init                 (abs)        000000
__size_of_I2C_ReStart              (abs)        000000
__size_of_I2C_Read                 (abs)        000000
__size_of_I2C_Start                (abs)        000000
__size_of_I2C_Stop                 (abs)        000000
__size_of_I2C_Write                (abs)        000000
__size_of_I2C_Write_Cmd_Only       (abs)        000000
__size_of_I2C_Write_Cmd_Write_Data (abs)        000000
__size_of_INT0_isr                 (abs)        000000
__size_of_OpenUSART                (abs)        000000
__size_of_TIMER1_isr               (abs)        000000
__size_of_Wait_One_Sec             (abs)        000000
__size_of___awdiv                  (abs)        000000
__size_of___lwdiv                  (abs)        000000
__size_of___lwmod                  (abs)        000000
__size_of___wmul                   (abs)        000000
__size_of_chkisr                   (abs)        000000
__size_of_force_nec_state0         (abs)        000000
__size_of_i2cAck                   (abs)        000000
__size_of_i2cHighScl               (abs)        000000
__size_of_i2cHighSda               (abs)        000000
__size_of_i2cLowScl                (abs)        000000
__size_of_i2cLowSda                (abs)        000000
__size_of_i2cNack                  (abs)        000000
__size_of_init_INTERRUPT           (abs)        000000
__size_of_init_UART                (abs)        000000
__size_of_isdigit                  (abs)        000000
__size_of_main                     (abs)        000000
__size_of_printf                   (abs)        000000
__size_of_putch                    (abs)        000000
__smallconst                       smallconst   001000
_alarm_date                        bssCOMRAM    000044
_alarm_hour                        bssCOMRAM    000045
_alarm_minute                      bssCOMRAM    000046
_alarm_second                      bssCOMRAM    000047
_array1                            dataCOMRAM   00005A
_bit_count                         bssCOMRAM    000048
_chkisr                            intcode      000008
_day                               bssCOMRAM    000049
_dow                               bssCOMRAM    00004A
_dpowers                           smallconst   001001
_force_nec_state0                  text36       001C1E
_hexpowers                         smallconst   00100B
_hour                              bssCOMRAM    00004B
_i                                 bssCOMRAM    00004C
_i2cAck                            text26       001B9E
_i2cHighScl                        text31       001BD0
_i2cHighSda                        text30       001C16
_i2cLowScl                         text29       001C0E
_i2cLowSda                         text28       001BFC
_i2cNack                           text25       001BF2
_init_INTERRUPT                    text12       001B22
_init_UART                         text10       001B66
_isdigit                           text3        001AA8
_isdigit$1366                      cstackCOMRAM 000012
_main                              text0        001528
_minute                            bssCOMRAM    00004D
_month                             bssCOMRAM    00004E
_nec_ok                            bssCOMRAM    00003F
_printf                            text1        00106E
_putch                             text2        001BC2
_second                            bssCOMRAM    00004F
_setup_alarm_hour                  bssCOMRAM    000050
_setup_alarm_minute                bssCOMRAM    000051
_setup_alarm_second                bssCOMRAM    000052
_setup_day                         bssCOMRAM    000053
_setup_hour                        bssCOMRAM    000054
_setup_minute                      bssCOMRAM    000055
_setup_month                       bssCOMRAM    000056
_setup_second                      bssCOMRAM    000057
_setup_year                        bssCOMRAM    000058
_tempSecond                        dataCOMRAM   00006F
_year                              bssCOMRAM    000059
end_of_initialization              cinit        001A1E
int_func                           intcode_body 0016D2
intlevel0                          text         000000
intlevel1                          text         000000
intlevel2                          text         000000
intlevel3                          text         000000
isdigit@c                          cstackCOMRAM 000013
main@found                         cstackBANK0  000082
main@i                             cstackBANK0  000084
main@tempC                         cstackBANK0  000083
main@tempF                         cstackBANK0  000081
printf@ap                          cstackCOMRAM 000030
printf@c                           cstackCOMRAM 000038
printf@f                           cstackCOMRAM 00001D
printf@flag                        cstackCOMRAM 000035
printf@idx                         cstackCOMRAM 00002F
printf@prec                        cstackCOMRAM 000032
printf@val                         cstackCOMRAM 000033
printf@width                       cstackCOMRAM 000036
putch@c                            cstackCOMRAM 000011
stackhi                            (abs)        000F7F
stacklo                            (abs)        000086
start                              init         000018
start_initialization               cinit        0019F2


FUNCTION INFORMATION:

 *************** function _main *****************
 Defined at:
		line 103 in file "Lab11.c"
 Parameters:    Size  Location     Type
		None
 Auto vars:     Size  Location     Type
  i               2    4[BANK0 ] int 
  found           1    2[BANK0 ] unsigned char 
  tempC           1    3[BANK0 ] unsigned char 
  tempF           1    1[BANK0 ] unsigned char 
 Return value:  Size  Location     Type
		None               void
 Registers used:
		wreg, fsr2l, fsr2h, status,2, status,0, tblptrl, tblptrh, tblptru, prodl, prodh, cstack
 Tracked objects:
		On entry : 
		On exit  : 
		Unchanged: 
 Data sizes:     COMRAM   BANK0   BANK1   BANK2   BANK3   BANK4   BANK5   BANK6   BANK7   BANK8   BANK9  BANK10  BANK11  BANK12  BANK13  BANK14  BANK15
      Params:         0       0       0       0       0       0       0       0       0       0       0       0       0       0       0       0       0
      Locals:         0       5       0       0       0       0       0       0       0       0       0       0       0       0       0       0       0
      Temps:          0       1       0       0       0       0       0       0       0       0       0       0       0       0       0       0       0
      Totals:         0       6       0       0       0       0       0       0       0       0       0       0       0       0       0       0       0
Total ram usage:        6 bytes
 Hardware stack levels required when called:    8
 This function calls:
		_Activate_Buzzer
		_DS1621_Read_Temp
		_DS3231_Read_Time
		_DS3231_Setup_Time
		_Deactivate_Buzzer
		_Do_Init
		_Wait_One_Sec
		___awdiv
		_printf
 This function is called by:
		Startup code after reset
 This function uses a non-reentrant model


 *************** function _printf *****************
 Defined at:
		line 464 in file "C:\Program Files (x86)\Microchip\xc8\v1.34\sources\common\doprnt.c"
 Parameters:    Size  Location     Type
  f               2   28[COMRAM] PTR const unsigned char 
		 -> STR_2(43), STR_1(30), 
 Auto vars:     Size  Location     Type
  idx             1   46[COMRAM] unsigned char 
  tmpval          4    0        struct .
  cp              3    0        PTR const unsigned char 
  width           2   53[COMRAM] int 
  val             2   50[COMRAM] unsigned int 
  ap              2   47[COMRAM] PTR void [1]
		 -> ?_printf(2), 
  len             2    0        unsigned int 
  c               1   55[COMRAM] char 
  flag            1   52[COMRAM] unsigned char 
  prec            1   49[COMRAM] char 
 Return value:  Size  Location     Type
                  2   28[COMRAM] int 
 Registers used:
		wreg, fsr2l, fsr2h, status,2, status,0, tblptrl, tblptrh, tblptru, prodl, prodh, cstack
 Tracked objects:
		On entry : 
		On exit  : 
		Unchanged: 
 Data sizes:     COMRAM   BANK0   BANK1   BANK2   BANK3   BANK4   BANK5   BANK6   BANK7   BANK8   BANK9  BANK10  BANK11  BANK12  BANK13  BANK14  BANK15
      Params:        14       0       0       0       0       0       0       0       0       0       0       0       0       0       0       0       0
      Locals:        10       0       0       0       0       0       0       0       0       0       0       0       0       0       0       0       0
      Temps:          4       0       0       0       0       0       0       0       0       0       0       0       0       0       0       0       0
      Totals:        28       0       0       0       0       0       0       0       0       0       0       0       0       0       0       0       0
Total ram usage:       28 bytes
 Hardware stack levels used:    1
 Hardware stack levels required when called:    4
 This function calls:
		___lwdiv
		___lwmod
		___wmul
		_isdigit
		_putch
 This function is called by:
		_main
 This function uses a non-reentrant model


 *************** function _putch *****************
 Defined at:
		line 39 in file "Lab11.c"
 Parameters:    Size  Location     Type
  c               1    wreg     unsigned char 
 Auto vars:     Size  Location     Type
  c               1   16[COMRAM] unsigned char 
 Return value:  Size  Location     Type
		None               void
 Registers used:
		wreg
 Tracked objects:
		On entry : 
		On exit  : 
		Unchanged: 
 Data sizes:     COMRAM   BANK0   BANK1   BANK2   BANK3   BANK4   BANK5   BANK6   BANK7   BANK8   BANK9  BANK10  BANK11  BANK12  BANK13  BANK14  BANK15
      Params:         0       0       0       0       0       0       0       0       0       0       0       0       0       0       0       0       0
      Locals:         1       0       0       0       0       0       0       0       0       0       0       0       0       0       0       0       0
      Temps:          0       0       0       0       0       0       0       0       0       0       0       0       0       0       0       0       0
      Totals:         1       0       0       0       0       0       0       0       0       0       0       0       0       0       0       0       0
Total ram usage:        1 bytes
 Hardware stack levels used:    1
 Hardware stack levels required when called:    3
 This function calls:
		Nothing
 This function is called by:
		_printf
 This function uses a non-reentrant model


 *************** function _isdigit *****************
 Defined at:
		line 8 in file "C:\Program Files (x86)\Microchip\xc8\v1.34\sources\common\isdigit.c"
 Parameters:    Size  Location     Type
  c               1    wreg     unsigned char 
 Auto vars:     Size  Location     Type
  c               1   18[COMRAM] unsigned char 
 Return value:  Size  Location     Type
		None               void
 Registers used:
		wreg, status,2, status,0
 Tracked objects:
		On entry : 
		On exit  : 
		Unchanged: 
 Data sizes:     COMRAM   BANK0   BANK1   BANK2   BANK3   BANK4   BANK5   BANK6   BANK7   BANK8   BANK9  BANK10  BANK11  BANK12  BANK13  BANK14  BANK15
      Params:         0       0       0       0       0       0       0       0       0       0       0       0       0       0       0       0       0
      Locals:         2       0       0       0       0       0       0       0       0       0       0       0       0       0       0       0       0
      Temps:          1       0       0       0       0       0       0       0       0       0       0       0       0       0       0       0       0
      Totals:         3       0       0       0       0       0       0       0       0       0       0       0       0       0       0       0       0
Total ram usage:        3 bytes
 Hardware stack levels used:    1
 Hardware stack levels required when called:    3
 This function calls:
		Nothing
 This function is called by:
		_printf
 This function uses a non-reentrant model


 *************** function ___wmul *****************
 Defined at:
		line 15 in file "C:\Program Files (x86)\Microchip\xc8\v1.34\sources\common\Umul16.c"
 Parameters:    Size  Location     Type
  multiplier      2   16[COMRAM] unsigned int 
  multiplicand    2   18[COMRAM] unsigned int 
 Auto vars:     Size  Location     Type
  product         2   20[COMRAM] unsigned int 
 Return value:  Size  Location     Type
                  2   16[COMRAM] unsigned int 
 Registers used:
		wreg, status,2, status,0, prodl, prodh
 Tracked objects:
		On entry : 
		On exit  : 
		Unchanged: 
 Data sizes:     COMRAM   BANK0   BANK1   BANK2   BANK3   BANK4   BANK5   BANK6   BANK7   BANK8   BANK9  BANK10  BANK11  BANK12  BANK13  BANK14  BANK15
      Params:         4       0       0       0       0       0       0       0       0       0       0       0       0       0       0       0       0
      Locals:         2       0       0       0       0       0       0       0       0       0       0       0       0       0       0       0       0
      Temps:          0       0       0       0       0       0       0       0       0       0       0       0       0       0       0       0       0
      Totals:         6       0       0       0       0       0       0       0       0       0       0       0       0       0       0       0       0
Total ram usage:        6 bytes
 Hardware stack levels used:    1
 Hardware stack levels required when called:    3
 This function calls:
		Nothing
 This function is called by:
		_printf
 This function uses a non-reentrant model


 *************** function ___lwmod *****************
 Defined at:
		line 8 in file "C:\Program Files (x86)\Microchip\xc8\v1.34\sources\common\lwmod.c"
 Parameters:    Size  Location     Type
  dividend        2   23[COMRAM] unsigned int 
  divisor         2   25[COMRAM] unsigned int 
 Auto vars:     Size  Location     Type
  counter         1   27[COMRAM] unsigned char 
 Return value:  Size  Location     Type
                  2   23[COMRAM] unsigned int 
 Registers used:
		wreg, status,2, status,0
 Tracked objects:
		On entry : 
		On exit  : 
		Unchanged: 
 Data sizes:     COMRAM   BANK0   BANK1   BANK2   BANK3   BANK4   BANK5   BANK6   BANK7   BANK8   BANK9  BANK10  BANK11  BANK12  BANK13  BANK14  BANK15
      Params:         4       0       0       0       0       0       0       0       0       0       0       0       0       0       0       0       0
      Locals:         1       0       0       0       0       0       0       0       0       0       0       0       0       0       0       0       0
      Temps:          0       0       0       0       0       0       0       0       0       0       0       0       0       0       0       0       0
      Totals:         5       0       0       0       0       0       0       0       0       0       0       0       0       0       0       0       0
Total ram usage:        5 bytes
 Hardware stack levels used:    1
 Hardware stack levels required when called:    3
 This function calls:
		Nothing
 This function is called by:
		_printf
 This function uses a non-reentrant model


 *************** function ___lwdiv *****************
 Defined at:
		line 8 in file "C:\Program Files (x86)\Microchip\xc8\v1.34\sources\common\lwdiv.c"
 Parameters:    Size  Location     Type
  dividend        2   16[COMRAM] unsigned int 
  divisor         2   18[COMRAM] unsigned int 
 Auto vars:     Size  Location     Type
  quotient        2   21[COMRAM] unsigned int 
  counter         1   20[COMRAM] unsigned char 
 Return value:  Size  Location     Type
                  2   16[COMRAM] unsigned int 
 Registers used:
		wreg, status,2, status,0
 Tracked objects:
		On entry : 
		On exit  : 
		Unchanged: 
 Data sizes:     COMRAM   BANK0   BANK1   BANK2   BANK3   BANK4   BANK5   BANK6   BANK7   BANK8   BANK9  BANK10  BANK11  BANK12  BANK13  BANK14  BANK15
      Params:         4       0       0       0       0       0       0       0       0       0       0       0       0       0       0       0       0
      Locals:         3       0       0       0       0       0       0       0       0       0       0       0       0       0       0       0       0
      Temps:          0       0       0       0       0       0       0       0       0       0       0       0       0       0       0       0       0
      Totals:         7       0       0       0       0       0       0       0       0       0       0       0       0       0       0       0       0
Total ram usage:        7 bytes
 Hardware stack levels used:    1
 Hardware stack levels required when called:    3
 This function calls:
		Nothing
 This function is called by:
		_printf
 This function uses a non-reentrant model


 *************** function ___awdiv *****************
 Defined at:
		line 8 in file "C:\Program Files (x86)\Microchip\xc8\v1.34\sources\common\awdiv.c"
 Parameters:    Size  Location     Type
  dividend        2   16[COMRAM] int 
  divisor         2   18[COMRAM] int 
 Auto vars:     Size  Location     Type
  quotient        2   22[COMRAM] int 
  sign            1   21[COMRAM] unsigned char 
  counter         1   20[COMRAM] unsigned char 
 Return value:  Size  Location     Type
                  2   16[COMRAM] int 
 Registers used:
		wreg, status,2, status,0
 Tracked objects:
		On entry : 
		On exit  : 
		Unchanged: 
 Data sizes:     COMRAM   BANK0   BANK1   BANK2   BANK3   BANK4   BANK5   BANK6   BANK7   BANK8   BANK9  BANK10  BANK11  BANK12  BANK13  BANK14  BANK15
      Params:         4       0       0       0       0       0       0       0       0       0       0       0       0       0       0       0       0
      Locals:         4       0       0       0       0       0       0       0       0       0       0       0       0       0       0       0       0
      Temps:          0       0       0       0       0       0       0       0       0       0       0       0       0       0       0       0       0
      Totals:         8       0       0       0       0       0       0       0       0       0       0       0       0       0       0       0       0
Total ram usage:        8 bytes
 Hardware stack levels used:    1
 Hardware stack levels required when called:    3
 This function calls:
		Nothing
 This function is called by:
		_main
 This function uses a non-reentrant model


 *************** function _Wait_One_Sec *****************
 Defined at:
		line 83 in file "Lab11.c"
 Parameters:    Size  Location     Type
		None
 Auto vars:     Size  Location     Type
  k               2   16[COMRAM] int 
 Return value:  Size  Location     Type
		None               void
 Registers used:
		wreg, status,2, status,0
 Tracked objects:
		On entry : 
		On exit  : 
		Unchanged: 
 Data sizes:     COMRAM   BANK0   BANK1   BANK2   BANK3   BANK4   BANK5   BANK6   BANK7   BANK8   BANK9  BANK10  BANK11  BANK12  BANK13  BANK14  BANK15
      Params:         0       0       0       0       0       0       0       0       0       0       0       0       0       0       0       0       0
      Locals:         2       0       0       0       0       0       0       0       0       0       0       0       0       0       0       0       0
      Temps:          0       0       0       0       0       0       0       0       0       0       0       0       0       0       0       0       0
      Totals:         2       0       0       0       0       0       0       0       0       0       0       0       0       0       0       0       0
Total ram usage:        2 bytes
 Hardware stack levels used:    1
 Hardware stack levels required when called:    3
 This function calls:
		Nothing
 This function is called by:
		_main
 This function uses a non-reentrant model


 *************** function _Do_Init *****************
 Defined at:
		line 64 in file "Lab11.c"
 Parameters:    Size  Location     Type
		None
 Auto vars:     Size  Location     Type
		None
 Return value:  Size  Location     Type
		None               void
 Registers used:
		wreg, status,2, status,0, cstack
 Tracked objects:
		On entry : 
		On exit  : 
		Unchanged: 
 Data sizes:     COMRAM   BANK0   BANK1   BANK2   BANK3   BANK4   BANK5   BANK6   BANK7   BANK8   BANK9  BANK10  BANK11  BANK12  BANK13  BANK14  BANK15
      Params:         0       0       0       0       0       0       0       0       0       0       0       0       0       0       0       0       0
      Locals:         0       0       0       0       0       0       0       0       0       0       0       0       0       0       0       0       0
      Temps:          0       0       0       0       0       0       0       0       0       0       0       0       0       0       0       0       0
      Totals:         0       0       0       0       0       0       0       0       0       0       0       0       0       0       0       0       0
Total ram usage:        0 bytes
 Hardware stack levels used:    1
 Hardware stack levels required when called:    7
 This function calls:
		_DS1621_Init
		_I2C_Init
		_init_INTERRUPT
		_init_UART
 This function is called by:
		_main
 This function uses a non-reentrant model


 *************** function _init_UART *****************
 Defined at:
		line 45 in file "Lab11.c"
 Parameters:    Size  Location     Type
		None
 Auto vars:     Size  Location     Type
		None
 Return value:  Size  Location     Type
		None               void
 Registers used:
		wreg, status,2, cstack
 Tracked objects:
		On entry : 
		On exit  : 
		Unchanged: 
 Data sizes:     COMRAM   BANK0   BANK1   BANK2   BANK3   BANK4   BANK5   BANK6   BANK7   BANK8   BANK9  BANK10  BANK11  BANK12  BANK13  BANK14  BANK15
      Params:         0       0       0       0       0       0       0       0       0       0       0       0       0       0       0       0       0
      Locals:         0       0       0       0       0       0       0       0       0       0       0       0       0       0       0       0       0
      Temps:          0       0       0       0       0       0       0       0       0       0       0       0       0       0       0       0       0
      Totals:         0       0       0       0       0       0       0       0       0       0       0       0       0       0       0       0       0
Total ram usage:        0 bytes
 Hardware stack levels used:    1
 Hardware stack levels required when called:    4
 This function calls:
		_OpenUSART
 This function is called by:
		_Do_Init
 This function uses a non-reentrant model


 *************** function _OpenUSART *****************
 Defined at:
		line 73 in file "C:\Program Files (x86)\Microchip\xc8\v1.34\sources\pic18\plib\USART\uopen.c"
 Parameters:    Size  Location     Type
  config          1    wreg     unsigned char 
  spbrg           2   16[COMRAM] unsigned int 
 Auto vars:     Size  Location     Type
  config          1   18[COMRAM] unsigned char 
 Return value:  Size  Location     Type
		None               void
 Registers used:
		wreg, status,2
 Tracked objects:
		On entry : 
		On exit  : 
		Unchanged: 
 Data sizes:     COMRAM   BANK0   BANK1   BANK2   BANK3   BANK4   BANK5   BANK6   BANK7   BANK8   BANK9  BANK10  BANK11  BANK12  BANK13  BANK14  BANK15
      Params:         2       0       0       0       0       0       0       0       0       0       0       0       0       0       0       0       0
      Locals:         1       0       0       0       0       0       0       0       0       0       0       0       0       0       0       0       0
      Temps:          0       0       0       0       0       0       0       0       0       0       0       0       0       0       0       0       0
      Totals:         3       0       0       0       0       0       0       0       0       0       0       0       0       0       0       0       0
Total ram usage:        3 bytes
 Hardware stack levels used:    1
 Hardware stack levels required when called:    3
 This function calls:
		Nothing
 This function is called by:
		_init_UART
 This function uses a non-reentrant model


 *************** function _init_INTERRUPT *****************
 Defined at:
		line 51 in file "Lab11.c"
 Parameters:    Size  Location     Type
		None
 Auto vars:     Size  Location     Type
		None
 Return value:  Size  Location     Type
		None               void
 Registers used:
		wreg, status,2
 Tracked objects:
		On entry : 
		On exit  : 
		Unchanged: 
 Data sizes:     COMRAM   BANK0   BANK1   BANK2   BANK3   BANK4   BANK5   BANK6   BANK7   BANK8   BANK9  BANK10  BANK11  BANK12  BANK13  BANK14  BANK15
      Params:         0       0       0       0       0       0       0       0       0       0       0       0       0       0       0       0       0
      Locals:         0       0       0       0       0       0       0       0       0       0       0       0       0       0       0       0       0
      Temps:          0       0       0       0       0       0       0       0       0       0       0       0       0       0       0       0       0
      Totals:         0       0       0       0       0       0       0       0       0       0       0       0       0       0       0       0       0
Total ram usage:        0 bytes
 Hardware stack levels used:    1
 Hardware stack levels required when called:    3
 This function calls:
		Nothing
 This function is called by:
		_Do_Init
 This function uses a non-reentrant model


 *************** function _I2C_Init *****************
 Defined at:
		line 14 in file "C:/Users/Thalia/MPLABXProjects/ECE/ECE3301L/Lab11.X/I2C_Soft.c"
 Parameters:    Size  Location     Type
  c               4   16[COMRAM] unsigned long 
 Auto vars:     Size  Location     Type
		None
 Return value:  Size  Location     Type
		None               void
 Registers used:
		wreg, cstack
 Tracked objects:
		On entry : 
		On exit  : 
		Unchanged: 
 Data sizes:     COMRAM   BANK0   BANK1   BANK2   BANK3   BANK4   BANK5   BANK6   BANK7   BANK8   BANK9  BANK10  BANK11  BANK12  BANK13  BANK14  BANK15
      Params:         4       0       0       0       0       0       0       0       0       0       0       0       0       0       0       0       0
      Locals:         0       0       0       0       0       0       0       0       0       0       0       0       0       0       0       0       0
      Temps:          0       0       0       0       0       0       0       0       0       0       0       0       0       0       0       0       0
      Totals:         4       0       0       0       0       0       0       0       0       0       0       0       0       0       0       0       0
Total ram usage:        4 bytes
 Hardware stack levels used:    1
 Hardware stack levels required when called:    4
 This function calls:
		_i2cHighScl
		_i2cHighSda
 This function is called by:
		_Do_Init
 This function uses a non-reentrant model


 *************** function _DS1621_Init *****************
 Defined at:
		line 20 in file "C:/Users/Thalia/MPLABXProjects/ECE/ECE3301L/Lab11.X/I2C_Support.c"
 Parameters:    Size  Location     Type
		None
 Auto vars:     Size  Location     Type
  Device          1   21[COMRAM] unsigned char 
 Return value:  Size  Location     Type
		None               void
 Registers used:
		wreg, status,2, status,0, cstack
 Tracked objects:
		On entry : 
		On exit  : 
		Unchanged: 
 Data sizes:     COMRAM   BANK0   BANK1   BANK2   BANK3   BANK4   BANK5   BANK6   BANK7   BANK8   BANK9  BANK10  BANK11  BANK12  BANK13  BANK14  BANK15
      Params:         0       0       0       0       0       0       0       0       0       0       0       0       0       0       0       0       0
      Locals:         1       0       0       0       0       0       0       0       0       0       0       0       0       0       0       0       0
      Temps:          0       0       0       0       0       0       0       0       0       0       0       0       0       0       0       0       0
      Totals:         1       0       0       0       0       0       0       0       0       0       0       0       0       0       0       0       0
Total ram usage:        1 bytes
 Hardware stack levels used:    1
 Hardware stack levels required when called:    6
 This function calls:
		_I2C_Write_Cmd_Only
		_I2C_Write_Cmd_Write_Data
 This function is called by:
		_Do_Init
 This function uses a non-reentrant model


 *************** function _I2C_Write_Cmd_Write_Data *****************
 Defined at:
		line 152 in file "C:/Users/Thalia/MPLABXProjects/ECE/ECE3301L/Lab11.X/I2C_Soft.c"
 Parameters:    Size  Location     Type
  Device          1    wreg     unsigned char 
  Cmd             1   18[COMRAM] unsigned char 
  Data_Out        1   19[COMRAM] unsigned char 
 Auto vars:     Size  Location     Type
  Device          1   20[COMRAM] unsigned char 
 Return value:  Size  Location     Type
		None               void
 Registers used:
		wreg, status,2, status,0, cstack
 Tracked objects:
		On entry : 
		On exit  : 
		Unchanged: 
 Data sizes:     COMRAM   BANK0   BANK1   BANK2   BANK3   BANK4   BANK5   BANK6   BANK7   BANK8   BANK9  BANK10  BANK11  BANK12  BANK13  BANK14  BANK15
      Params:         2       0       0       0       0       0       0       0       0       0       0       0       0       0       0       0       0
      Locals:         1       0       0       0       0       0       0       0       0       0       0       0       0       0       0       0       0
      Temps:          0       0       0       0       0       0       0       0       0       0       0       0       0       0       0       0       0
      Totals:         3       0       0       0       0       0       0       0       0       0       0       0       0       0       0       0       0
Total ram usage:        3 bytes
 Hardware stack levels used:    1
 Hardware stack levels required when called:    5
 This function calls:
		_I2C_Start
		_I2C_Stop
		_I2C_Write
 This function is called by:
		_DS1621_Init
 This function uses a non-reentrant model


 *************** function _I2C_Write_Cmd_Only *****************
 Defined at:
		line 144 in file "C:/Users/Thalia/MPLABXProjects/ECE/ECE3301L/Lab11.X/I2C_Soft.c"
 Parameters:    Size  Location     Type
  Device          1    wreg     unsigned char 
  Cmd             1   18[COMRAM] unsigned char 
 Auto vars:     Size  Location     Type
  Device          1   19[COMRAM] unsigned char 
 Return value:  Size  Location     Type
		None               void
 Registers used:
		wreg, status,2, status,0, cstack
 Tracked objects:
		On entry : 
		On exit  : 
		Unchanged: 
 Data sizes:     COMRAM   BANK0   BANK1   BANK2   BANK3   BANK4   BANK5   BANK6   BANK7   BANK8   BANK9  BANK10  BANK11  BANK12  BANK13  BANK14  BANK15
      Params:         1       0       0       0       0       0       0       0       0       0       0       0       0       0       0       0       0
      Locals:         1       0       0       0       0       0       0       0       0       0       0       0       0       0       0       0       0
      Temps:          0       0       0       0       0       0       0       0       0       0       0       0       0       0       0       0       0
      Totals:         2       0       0       0       0       0       0       0       0       0       0       0       0       0       0       0       0
Total ram usage:        2 bytes
 Hardware stack levels used:    1
 Hardware stack levels required when called:    5
 This function calls:
		_I2C_Start
		_I2C_Stop
		_I2C_Write
 This function is called by:
		_DS1621_Init
 This function uses a non-reentrant model


 *************** function _Deactivate_Buzzer *****************
 Defined at:
		line 96 in file "Lab11.c"
 Parameters:    Size  Location     Type
		None
 Auto vars:     Size  Location     Type
		None
 Return value:  Size  Location     Type
		None               void
 Registers used:
		wreg, status,2
 Tracked objects:
		On entry : 
		On exit  : 
		Unchanged: 
 Data sizes:     COMRAM   BANK0   BANK1   BANK2   BANK3   BANK4   BANK5   BANK6   BANK7   BANK8   BANK9  BANK10  BANK11  BANK12  BANK13  BANK14  BANK15
      Params:         0       0       0       0       0       0       0       0       0       0       0       0       0       0       0       0       0
      Locals:         0       0       0       0       0       0       0       0       0       0       0       0       0       0       0       0       0
      Temps:          0       0       0       0       0       0       0       0       0       0       0       0       0       0       0       0       0
      Totals:         0       0       0       0       0       0       0       0       0       0       0       0       0       0       0       0       0
Total ram usage:        0 bytes
 Hardware stack levels used:    1
 Hardware stack levels required when called:    3
 This function calls:
		Nothing
 This function is called by:
		_main
 This function uses a non-reentrant model


 *************** function _DS3231_Setup_Time *****************
 Defined at:
		line 64 in file "C:/Users/Thalia/MPLABXProjects/ECE/ECE3301L/Lab11.X/I2C_Support.c"
 Parameters:    Size  Location     Type
		None
 Auto vars:     Size  Location     Type
  Address         1   19[COMRAM] unsigned char 
  Device          1   18[COMRAM] unsigned char 
 Return value:  Size  Location     Type
		None               void
 Registers used:
		wreg, status,2, status,0, cstack
 Tracked objects:
		On entry : 
		On exit  : 
		Unchanged: 
 Data sizes:     COMRAM   BANK0   BANK1   BANK2   BANK3   BANK4   BANK5   BANK6   BANK7   BANK8   BANK9  BANK10  BANK11  BANK12  BANK13  BANK14  BANK15
      Params:         0       0       0       0       0       0       0       0       0       0       0       0       0       0       0       0       0
      Locals:         2       0       0       0       0       0       0       0       0       0       0       0       0       0       0       0       0
      Temps:          0       0       0       0       0       0       0       0       0       0       0       0       0       0       0       0       0
      Totals:         2       0       0       0       0       0       0       0       0       0       0       0       0       0       0       0       0
Total ram usage:        2 bytes
 Hardware stack levels used:    1
 Hardware stack levels required when called:    5
 This function calls:
		_I2C_Start
		_I2C_Stop
		_I2C_Write
 This function is called by:
		_main
 This function uses a non-reentrant model


 *************** function _DS3231_Read_Time *****************
 Defined at:
		line 45 in file "C:/Users/Thalia/MPLABXProjects/ECE/ECE3301L/Lab11.X/I2C_Support.c"
 Parameters:    Size  Location     Type
		None
 Auto vars:     Size  Location     Type
  Device          1   20[COMRAM] unsigned char 
  Address         1   19[COMRAM] unsigned char 
 Return value:  Size  Location     Type
		None               void
 Registers used:
		wreg, status,2, status,0, cstack
 Tracked objects:
		On entry : 
		On exit  : 
		Unchanged: 
 Data sizes:     COMRAM   BANK0   BANK1   BANK2   BANK3   BANK4   BANK5   BANK6   BANK7   BANK8   BANK9  BANK10  BANK11  BANK12  BANK13  BANK14  BANK15
      Params:         0       0       0       0       0       0       0       0       0       0       0       0       0       0       0       0       0
      Locals:         2       0       0       0       0       0       0       0       0       0       0       0       0       0       0       0       0
      Temps:          0       0       0       0       0       0       0       0       0       0       0       0       0       0       0       0       0
      Totals:         2       0       0       0       0       0       0       0       0       0       0       0       0       0       0       0       0
Total ram usage:        2 bytes
 Hardware stack levels used:    1
 Hardware stack levels required when called:    6
 This function calls:
		_I2C_ReStart
		_I2C_Read
		_I2C_Start
		_I2C_Stop
		_I2C_Write
 This function is called by:
		_main
 This function uses a non-reentrant model


 *************** function _DS1621_Read_Temp *****************
 Defined at:
		line 29 in file "C:/Users/Thalia/MPLABXProjects/ECE/ECE3301L/Lab11.X/I2C_Support.c"
 Parameters:    Size  Location     Type
		None
 Auto vars:     Size  Location     Type
  Device          1   23[COMRAM] unsigned char 
  Data_Ret        1   22[COMRAM] unsigned char 
  Cmd             1   21[COMRAM] unsigned char 
 Return value:  Size  Location     Type
                  2   19[COMRAM] int 
 Registers used:
		wreg, status,2, status,0, cstack
 Tracked objects:
		On entry : 
		On exit  : 
		Unchanged: 
 Data sizes:     COMRAM   BANK0   BANK1   BANK2   BANK3   BANK4   BANK5   BANK6   BANK7   BANK8   BANK9  BANK10  BANK11  BANK12  BANK13  BANK14  BANK15
      Params:         2       0       0       0       0       0       0       0       0       0       0       0       0       0       0       0       0
      Locals:         3       0       0       0       0       0       0       0       0       0       0       0       0       0       0       0       0
      Temps:          0       0       0       0       0       0       0       0       0       0       0       0       0       0       0       0       0
      Totals:         5       0       0       0       0       0       0       0       0       0       0       0       0       0       0       0       0
Total ram usage:        5 bytes
 Hardware stack levels used:    1
 Hardware stack levels required when called:    6
 This function calls:
		_I2C_ReStart
		_I2C_Read
		_I2C_Start
		_I2C_Stop
		_I2C_Write
 This function is called by:
		_main
 This function uses a non-reentrant model


 *************** function _I2C_Write *****************
 Defined at:
		line 41 in file "C:/Users/Thalia/MPLABXProjects/ECE/ECE3301L/Lab11.X/I2C_Soft.c"
 Parameters:    Size  Location     Type
  outByte         1    wreg     unsigned char 
 Auto vars:     Size  Location     Type
  outByte         1   16[COMRAM] unsigned char 
  n               1   17[COMRAM] unsigned char 
 Return value:  Size  Location     Type
		None               void
 Registers used:
		wreg, status,2, status,0, cstack
 Tracked objects:
		On entry : 
		On exit  : 
		Unchanged: 
 Data sizes:     COMRAM   BANK0   BANK1   BANK2   BANK3   BANK4   BANK5   BANK6   BANK7   BANK8   BANK9  BANK10  BANK11  BANK12  BANK13  BANK14  BANK15
      Params:         0       0       0       0       0       0       0       0       0       0       0       0       0       0       0       0       0
      Locals:         2       0       0       0       0       0       0       0       0       0       0       0       0       0       0       0       0
      Temps:          0       0       0       0       0       0       0       0       0       0       0       0       0       0       0       0       0
      Totals:         2       0       0       0       0       0       0       0       0       0       0       0       0       0       0       0       0
Total ram usage:        2 bytes
 Hardware stack levels used:    1
 Hardware stack levels required when called:    4
 This function calls:
		_i2cHighScl
		_i2cHighSda
		_i2cLowScl
		_i2cLowSda
 This function is called by:
		_I2C_Write_Cmd_Only
		_I2C_Write_Cmd_Write_Data
		_DS1621_Read_Temp
		_DS3231_Read_Time
		_DS3231_Setup_Time
		_I2C_Write_Address_Read_One_Byte
		_I2C_Write_Address_Write_One_Byte
		_I2C_Write_Cmd_Read_One_Byte
 This function uses a non-reentrant model


 *************** function _I2C_Stop *****************
 Defined at:
		line 88 in file "C:/Users/Thalia/MPLABXProjects/ECE/ECE3301L/Lab11.X/I2C_Soft.c"
 Parameters:    Size  Location     Type
		None
 Auto vars:     Size  Location     Type
		None
 Return value:  Size  Location     Type
		None               void
 Registers used:
		wreg, cstack
 Tracked objects:
		On entry : 
		On exit  : 
		Unchanged: 
 Data sizes:     COMRAM   BANK0   BANK1   BANK2   BANK3   BANK4   BANK5   BANK6   BANK7   BANK8   BANK9  BANK10  BANK11  BANK12  BANK13  BANK14  BANK15
      Params:         0       0       0       0       0       0       0       0       0       0       0       0       0       0       0       0       0
      Locals:         0       0       0       0       0       0       0       0       0       0       0       0       0       0       0       0       0
      Temps:          0       0       0       0       0       0       0       0       0       0       0       0       0       0       0       0       0
      Totals:         0       0       0       0       0       0       0       0       0       0       0       0       0       0       0       0       0
Total ram usage:        0 bytes
 Hardware stack levels used:    1
 Hardware stack levels required when called:    4
 This function calls:
		_i2cHighScl
		_i2cHighSda
		_i2cLowScl
		_i2cLowSda
[...]
 Hardware stack levels required when called:    4
 This function calls:
		_i2cHighScl
		_i2cLowScl
 This function is called by:
		_I2C_Read
 This function uses a non-reentrant model


 *************** function _i2cAck *****************
 Defined at:
		line 63 in file "C:/Users/Thalia/MPLABXProjects/ECE/ECE3301L/Lab11.X/I2C_Soft.c"
 Parameters:    Size  Location     Type
		None
 Auto vars:     Size  Location     Type
		None
 Return value:  Size  Location     Type
		None               void
 Registers used:
		wreg, cstack
 Tracked objects:
		On entry : 
		On exit  : 
		Unchanged: 
 Data sizes:     COMRAM   BANK0   BANK1   BANK2   BANK3   BANK4   BANK5   BANK6   BANK7   BANK8   BANK9  BANK10  BANK11  BANK12  BANK13  BANK14  BANK15
      Params:         0       0       0       0       0       0       0       0       0       0       0       0       0       0       0       0       0
      Locals:         0       0       0       0       0       0       0       0       0       0       0       0       0       0       0       0       0
      Temps:          0       0       0       0       0       0       0       0       0       0       0       0       0       0       0       0       0
      Totals:         0       0       0       0       0       0       0       0       0       0       0       0       0       0       0       0       0
Total ram usage:        0 bytes
 Hardware stack levels used:    1
 Hardware stack levels required when called:    4
 This function calls:
		_i2cHighScl
		_i2cHighSda
		_i2cLowScl
		_i2cLowSda
 This function is called by:
		_I2C_Read
 This function uses a non-reentrant model


 *************** function _I2C_ReStart *****************
 Defined at:
		line 79 in file "C:/Users/Thalia/MPLABXProjects/ECE/ECE3301L/Lab11.X/I2C_Soft.c"
 Parameters:    Size  Location     Type
		None
 Auto vars:     Size  Location     Type
		None
 Return value:  Size  Location     Type
		None               void
 Registers used:
		wreg, cstack
 Tracked objects:
		On entry : 
		On exit  : 
		Unchanged: 
 Data sizes:     COMRAM   BANK0   BANK1   BANK2   BANK3   BANK4   BANK5   BANK6   BANK7   BANK8   BANK9  BANK10  BANK11  BANK12  BANK13  BANK14  BANK15
      Params:         0       0       0       0       0       0       0       0       0       0       0       0       0       0       0       0       0
      Locals:         0       0       0       0       0       0       0       0       0       0       0       0       0       0       0       0       0
      Temps:          0       0       0       0       0       0       0       0       0       0       0       0       0       0       0       0       0
      Totals:         0       0       0       0       0       0       0       0       0       0       0       0       0       0       0       0       0
Total ram usage:        0 bytes
 Hardware stack levels used:    1
 Hardware stack levels required when called:    4
 This function calls:
		_i2cHighScl
		_i2cHighSda
		_i2cLowScl
		_i2cLowSda
 This function is called by:
		_DS1621_Read_Temp
		_DS3231_Read_Time
		_I2C_Write_Address_Read_One_Byte
		_I2C_Write_Cmd_Read_One_Byte
 This function uses a non-reentrant model


 *************** function _i2cLowSda *****************
 Defined at:
		line 102 in file "C:/Users/Thalia/MPLABXProjects/ECE/ECE3301L/Lab11.X/I2C_Soft.c"
 Parameters:    Size  Location     Type
		None
 Auto vars:     Size  Location     Type
		None
 Return value:  Size  Location     Type
		None               void
 Registers used:
		None
 Tracked objects:
		On entry : 
		On exit  : 
		Unchanged: 
 Data sizes:     COMRAM   BANK0   BANK1   BANK2   BANK3   BANK4   BANK5   BANK6   BANK7   BANK8   BANK9  BANK10  BANK11  BANK12  BANK13  BANK14  BANK15
      Params:         0       0       0       0       0       0       0       0       0       0       0       0       0       0       0       0       0
      Locals:         0       0       0       0       0       0       0       0       0       0       0       0       0       0       0       0       0
      Temps:          0       0       0       0       0       0       0       0       0       0       0       0       0       0       0       0       0
      Totals:         0       0       0       0       0       0       0       0       0       0       0       0       0       0       0       0       0
Total ram usage:        0 bytes
 Hardware stack levels used:    1
 Hardware stack levels required when called:    3
 This function calls:
		Nothing
 This function is called by:
		_I2C_Write
		_i2cAck
		_I2C_Start
		_I2C_ReStart
		_I2C_Stop
 This function uses a non-reentrant model


 *************** function _i2cLowScl *****************
 Defined at:
		line 115 in file "C:/Users/Thalia/MPLABXProjects/ECE/ECE3301L/Lab11.X/I2C_Soft.c"
 Parameters:    Size  Location     Type
		None
 Auto vars:     Size  Location     Type
		None
 Return value:  Size  Location     Type
		None               void
 Registers used:
		None
 Tracked objects:
		On entry : 
		On exit  : 
		Unchanged: 
 Data sizes:     COMRAM   BANK0   BANK1   BANK2   BANK3   BANK4   BANK5   BANK6   BANK7   BANK8   BANK9  BANK10  BANK11  BANK12  BANK13  BANK14  BANK15
      Params:         0       0       0       0       0       0       0       0       0       0       0       0       0       0       0       0       0
      Locals:         0       0       0       0       0       0       0       0       0       0       0       0       0       0       0       0       0
      Temps:          0       0       0       0       0       0       0       0       0       0       0       0       0       0       0       0       0
      Totals:         0       0       0       0       0       0       0       0       0       0       0       0       0       0       0       0       0
Total ram usage:        0 bytes
 Hardware stack levels used:    1
 Hardware stack levels required when called:    3
 This function calls:
		Nothing
 This function is called by:
		_I2C_Read
		_I2C_Write
		_i2cNack
		_i2cAck
		_I2C_Start
		_I2C_ReStart
		_I2C_Stop
 This function uses a non-reentrant model


 *************** function _i2cHighSda *****************
 Defined at:
		line 96 in file "C:/Users/Thalia/MPLABXProjects/ECE/ECE3301L/Lab11.X/I2C_Soft.c"
 Parameters:    Size  Location     Type
		None
 Auto vars:     Size  Location     Type
		None
 Return value:  Size  Location     Type
		None               void
 Registers used:
		None
 Tracked objects:
		On entry : 
		On exit  : 
		Unchanged: 
 Data sizes:     COMRAM   BANK0   BANK1   BANK2   BANK3   BANK4   BANK5   BANK6   BANK7   BANK8   BANK9  BANK10  BANK11  BANK12  BANK13  BANK14  BANK15
      Params:         0       0       0       0       0       0       0       0       0       0       0       0       0       0       0       0       0
      Locals:         0       0       0       0       0       0       0       0       0       0       0       0       0       0       0       0       0
      Temps:          0       0       0       0       0       0       0       0       0       0       0       0       0       0       0       0       0
      Totals:         0       0       0       0       0       0       0       0       0       0       0       0       0       0       0       0       0
Total ram usage:        0 bytes
 Hardware stack levels used:    1
 Hardware stack levels required when called:    3
 This function calls:
		Nothing
 This function is called by:
		_I2C_Init
		_I2C_Read
		_I2C_Write
		_i2cAck
		_I2C_Start
		_I2C_ReStart
		_I2C_Stop
 This function uses a non-reentrant model


 *************** function _i2cHighScl *****************
 Defined at:
		line 109 in file "C:/Users/Thalia/MPLABXProjects/ECE/ECE3301L/Lab11.X/I2C_Soft.c"
 Parameters:    Size  Location     Type
		None
 Auto vars:     Size  Location     Type
		None
 Return value:  Size  Location     Type
		None               void
 Registers used:
		wreg
 Tracked objects:
		On entry : 
		On exit  : 
		Unchanged: 
 Data sizes:     COMRAM   BANK0   BANK1   BANK2   BANK3   BANK4   BANK5   BANK6   BANK7   BANK8   BANK9  BANK10  BANK11  BANK12  BANK13  BANK14  BANK15
      Params:         0       0       0       0       0       0       0       0       0       0       0       0       0       0       0       0       0
      Locals:         0       0       0       0       0       0       0       0       0       0       0       0       0       0       0       0       0
      Temps:          0       0       0       0       0       0       0       0       0       0       0       0       0       0       0       0       0
      Totals:         0       0       0       0       0       0       0       0       0       0       0       0       0       0       0       0       0
Total ram usage:        0 bytes
 Hardware stack levels used:    1
 Hardware stack levels required when called:    3
 This function calls:
		Nothing
 This function is called by:
		_I2C_Init
		_I2C_Read
		_I2C_Write
		_i2cNack
		_i2cAck
		_I2C_Start
		_I2C_ReStart
		_I2C_Stop
 This function uses a non-reentrant model


 *************** function _Activate_Buzzer *****************
 Defined at:
		line 88 in file "Lab11.c"
 Parameters:    Size  Location     Type
		None
 Auto vars:     Size  Location     Type
		None
 Return value:  Size  Location     Type
		None               void
 Registers used:
		wreg, status,2
 Tracked objects:
		On entry : 
		On exit  : 
		Unchanged: 
 Data sizes:     COMRAM   BANK0   BANK1   BANK2   BANK3   BANK4   BANK5   BANK6   BANK7   BANK8   BANK9  BANK10  BANK11  BANK12  BANK13  BANK14  BANK15
      Params:         0       0       0       0       0       0       0       0       0       0       0       0       0       0       0       0       0
      Locals:         0       0       0       0       0       0       0       0       0       0       0       0       0       0       0       0       0
      Temps:          0       0       0       0       0       0       0       0       0       0       0       0       0       0       0       0       0
      Totals:         0       0       0       0       0       0       0       0       0       0       0       0       0       0       0       0       0
Total ram usage:        0 bytes
 Hardware stack levels used:    1
 Hardware stack levels required when called:    3
 This function calls:
		Nothing
 This function is called by:
		_main
 This function uses a non-reentrant model


 *************** function _chkisr *****************
 Defined at:
		line 11 in file "C:/Users/Thalia/MPLABXProjects/ECE/ECE3301L/Lab11.X/Interrupt.c"
 Parameters:    Size  Location     Type
		None
 Auto vars:     Size  Location     Type
		None
 Return value:  Size  Location     Type
		None               void
 Registers used:
		wreg, status,2, status,0, cstack
 Tracked objects:
		On entry : 
		On exit  : 
		Unchanged: 
 Data sizes:     COMRAM   BANK0   BANK1   BANK2   BANK3   BANK4   BANK5   BANK6   BANK7   BANK8   BANK9  BANK10  BANK11  BANK12  BANK13  BANK14  BANK15
      Params:         0       0       0       0       0       0       0       0       0       0       0       0       0       0       0       0       0
      Locals:         0       0       0       0       0       0       0       0       0       0       0       0       0       0       0       0       0
      Temps:         14       0       0       0       0       0       0       0       0       0       0       0       0       0       0       0       0
      Totals:        14       0       0       0       0       0       0       0       0       0       0       0       0       0       0       0       0
Total ram usage:       14 bytes
 Hardware stack levels used:    1
 Hardware stack levels required when called:    2
 This function calls:
		_INT0_isr
		_TIMER1_isr
 This function is called by:
		Interrupt level 2
 This function uses a non-reentrant model


 *************** function _TIMER1_isr *****************
 Defined at:
		line 17 in file "C:/Users/Thalia/MPLABXProjects/ECE/ECE3301L/Lab11.X/Interrupt.c"
 Parameters:    Size  Location     Type
		None
 Auto vars:     Size  Location     Type
		None
 Return value:  Size  Location     Type
		None               void
 Registers used:
		wreg, status,2
 Tracked objects:
		On entry : 
		On exit  : 
		Unchanged: 
 Data sizes:     COMRAM   BANK0   BANK1   BANK2   BANK3   BANK4   BANK5   BANK6   BANK7   BANK8   BANK9  BANK10  BANK11  BANK12  BANK13  BANK14  BANK15
      Params:         0       0       0       0       0       0       0       0       0       0       0       0       0       0       0       0       0
      Locals:         0       0       0       0       0       0       0       0       0       0       0       0       0       0       0       0       0
      Temps:          0       0       0       0       0       0       0       0       0       0       0       0       0       0       0       0       0
      Totals:         0       0       0       0       0       0       0       0       0       0       0       0       0       0       0       0       0
Total ram usage:        0 bytes
 Hardware stack levels used:    1
 This function calls:
		Nothing
 This function is called by:
		_chkisr
 This function uses a non-reentrant model


 *************** function _INT0_isr *****************
 Defined at:
		line 31 in file "C:/Users/Thalia/MPLABXProjects/ECE/ECE3301L/Lab11.X/Interrupt.c"
 Parameters:    Size  Location     Type
		None
 Auto vars:     Size  Location     Type
		None
 Return value:  Size  Location     Type
		None               void
 Registers used:
		wreg, status,2, status,0, cstack
 Tracked objects:
		On entry : 
		On exit  : 
		Unchanged: 
 Data sizes:     COMRAM   BANK0   BANK1   BANK2   BANK3   BANK4   BANK5   BANK6   BANK7   BANK8   BANK9  BANK10  BANK11  BANK12  BANK13  BANK14  BANK15
      Params:         0       0       0       0       0       0       0       0       0       0       0       0       0       0       0       0       0
      Locals:         0       0       0       0       0       0       0       0       0       0       0       0       0       0       0       0       0
      Temps:          2       0       0       0       0       0       0       0       0       0       0       0       0       0       0       0       0
      Totals:         2       0       0       0       0       0       0       0       0       0       0       0       0       0       0       0       0
Total ram usage:        2 bytes
 Hardware stack levels used:    1
 Hardware stack levels required when called:    1
 This function calls:
		_force_nec_state0
 This function is called by:
		_chkisr
 This function uses a non-reentrant model


 *************** function _force_nec_state0 *****************
 Defined at:
		line 25 in file "C:/Users/Thalia/MPLABXProjects/ECE/ECE3301L/Lab11.X/Interrupt.c"
 Parameters:    Size  Location     Type
		None
 Auto vars:     Size  Location     Type
		None
 Return value:  Size  Location     Type
		None               void
 Registers used:
		wreg, status,2
 Tracked objects:
		On entry : 
		On exit  : 
		Unchanged: 
 Data sizes:     COMRAM   BANK0   BANK1   BANK2   BANK3   BANK4   BANK5   BANK6   BANK7   BANK8   BANK9  BANK10  BANK11  BANK12  BANK13  BANK14  BANK15
      Params:         0       0       0       0       0       0       0       0       0       0       0       0       0       0       0       0       0
      Locals:         0       0       0       0       0       0       0       0       0       0       0       0       0       0       0       0       0
      Temps:          0       0       0       0       0       0       0       0       0       0       0       0       0       0       0       0       0
      Totals:         0       0       0       0       0       0       0       0       0       0       0       0       0       0       0       0       0
Total ram usage:        0 bytes
 Hardware stack levels used:    1
 This function calls:
		Nothing
 This function is called by:
		_INT0_isr
 This function uses a non-reentrant model



MODULE INFORMATION

Module		Function		Class		Link	Load	Size
C:\Program Files (x86)\Microchip\xc8\v1.34\sources\pic18\plib\USART\uopen.c
		_OpenUSART     		CODE           	174E	0000	113

C:\Program Files (x86)\Microchip\xc8\v1.34\sources\pic18\plib\USART\uopen.c estimated size: 113

C:\Program Files (x86)\Microchip\xc8\v1.34\sources\common\lwmod.c
		___lwmod       		CODE           	18E4	0000	77

C:\Program Files (x86)\Microchip\xc8\v1.34\sources\common\lwmod.c estimated size: 77

C:\Program Files (x86)\Microchip\xc8\v1.34\sources\common\isdigit.c
		_isdigit       		CODE           	1AA8	0000	35

C:\Program Files (x86)\Microchip\xc8\v1.34\sources\common\isdigit.c estimated size: 35

shared
		_dpowers       		SMALLCONST     	1001	0000	11
		__initializatio		CODE           	19F2	0000	45
		_hexpowers     		SMALLCONST     	100B	0000	9

shared estimated size: 65

Lab11.c
		_putch         		CODE           	1BC2	0000	15
		_main          		CODE           	1528	0000	277
		_Deactivate_Buz		CODE           	1C06	0000	9
		_init_UART     		CODE           	1B66	0000	21
		_init_INTERRUPT		CODE           	1B22	0000	25
		_Do_Init       		CODE           	1A28	0000	53
		_Wait_One_Sec  		CODE           	1A84	0000	37
		_Activate_Buzze		CODE           	1BB0	0000	19

Lab11.c estimated size: 456

C:\Program Files (x86)\Microchip\xc8\v1.34\sources\common\lwdiv.c
		___lwdiv       		CODE           	1888	0000	93

C:\Program Files (x86)\Microchip\xc8\v1.34\sources\common\lwdiv.c estimated size: 93

C:\Program Files (x86)\Microchip\xc8\v1.34\sources\common\awdiv.c
		___awdiv       		CODE           	163C	0000	151

C:\Program Files (x86)\Microchip\xc8\v1.34\sources\common\awdiv.c estimated size: 151

C:/Users/Thalia/MPLABXProjects/ECE/ECE3301L/Lab11.X/Interrupt.c
		_TIMER1_isr    		CODE           	1BDC	0000	13
		_force_nec_stat		CODE           	1C1E	0000	9
		_INT0_isr      		CODE           	13C8	0000	353
		_chkisr        		CODE           	0008	0000	141

C:/Users/Thalia/MPLABXProjects/ECE/ECE3301L/Lab11.X/Interrupt.c estimated size: 516

C:/Users/Thalia/MPLABXProjects/ECE/ECE3301L/Lab11.X/I2C_Soft.c
		_i2cLowSda     		CODE           	1BFC	0000	11
		_i2cLowScl     		CODE           	1C0E	0000	9
		_I2C_Write_Cmd_		CODE           	1B08	0000	27
		_I2C_Write     		CODE           	1978	0000	63
		_I2C_Write_Cmd_		CODE           	1ACA	0000	33
		_I2C_Stop      		CODE           	1B7A	0000	19
		_I2C_Read      		CODE           	1930	0000	73
		_i2cNack       		CODE           	1BF2	0000	11
		_I2C_Init      		CODE           	1BE8	0000	11
		_i2cHighSda    		CODE           	1C16	0000	9
		_i2cHighScl    		CODE           	1BD0	0000	13
		_I2C_Start     		CODE           	1B8C	0000	19
		_i2cAck        		CODE           	1B9E	0000	19
		_I2C_ReStart   		CODE           	1B50	0000	23

C:/Users/Thalia/MPLABXProjects/ECE/ECE3301L/Lab11.X/I2C_Soft.c estimated size: 340

C:\Program Files (x86)\Microchip\xc8\v1.34\sources\common\doprnt.c
		_printf        		CODE           	106E	0000	859

C:\Program Files (x86)\Microchip\xc8\v1.34\sources\common\doprnt.c estimated size: 859

C:/Users/Thalia/MPLABXProjects/ECE/ECE3301L/Lab11.X/I2C_Support.c
		_DS3231_Read_Ti		CODE           	1824	0000	101
		_DS1621_Init   		CODE           	1AEA	0000	31
		_DS3231_Setup_T		CODE           	17BE	0000	103
		_DS1621_Read_Te		CODE           	19B6	0000	61

C:/Users/Thalia/MPLABXProjects/ECE/ECE3301L/Lab11.X/I2C_Support.c estimated size: 296

C:\Program Files (x86)\Microchip\xc8\v1.34\sources\common\Umul16.c
		___wmul        		CODE           	1A5C	0000	41

C:\Program Files (x86)\Microchip\xc8\v1.34\sources\common\Umul16.c estimated size: 41

